2021-11-30 17:49:02.331 16159-16297/net.iusky.yijiayou D/CrashReport: [Util] try to lock file:security_info (pid=16159 | tid=16297)
2021-11-30 17:49:02.333 16159-16297/net.iusky.yijiayou D/CrashReport: [Util] successfully locked file:security_info (pid=16159 | tid=16297)
2021-11-30 17:49:02.334 16159-16297/net.iusky.yijiayou D/CrashReport: [UploadManager] Load security info from database (pid=16159 | tid=16297)
2021-11-30 17:49:02.337 16159-16297/net.iusky.yijiayou D/CrashReport: [UploadManager] Sucessfully got session ID, try to execute upload tasks now (pid=16159 | tid=16297)
2021-11-30 17:49:02.338 16159-16297/net.iusky.yijiayou D/CrashReport: [UploadManager] Try to poll all upload task need and put them into temp queue (pid=16159 | tid=16297)
2021-11-30 17:49:02.338 16159-16297/net.iusky.yijiayou D/CrashReport: [UploadManager] Execute urgent upload tasks of queue which has 1 tasks (pid=16159 | tid=16297)
2021-11-30 17:49:02.339 16159-16297/net.iusky.yijiayou I/CrashReport: [UploadManager] Create and start a new thread to execute a upload task: BUGLY_ASYNC_UPLOAD
2021-11-30 17:49:02.340 16159-16297/net.iusky.yijiayou D/CrashReport: [AsyncTaskHandler] Post a normal task: com.tencent.bugly.proguard.ak$2
2021-11-30 17:49:02.340 16159-16297/net.iusky.yijiayou D/CrashReport: [Util] try to unlock file:security_info (pid=16159 | tid=16297)
2021-11-30 17:49:02.341 16159-16297/net.iusky.yijiayou D/CrashReport: [Util] successfully unlocked file:security_info (pid=16159 | tid=16297)
2021-11-30 17:49:02.344 16159-16299/net.iusky.yijiayou D/CrashReport: [UploadManager] Local network consume: 47 KB
2021-11-30 17:49:02.344 16159-16299/net.iusky.yijiayou D/CrashReport: [Upload] Run upload task with cmd: 840
2021-11-30 17:49:02.345 16159-16299/net.iusky.yijiayou D/CrashReport: [UploadManager] Integrate security to HTTP headers (pid=16159 | tid=16299)
2021-11-30 17:49:02.345 16159-16299/net.iusky.yijiayou D/CrashReport: [Util] Zip 1282 bytes data with type Gzip
2021-11-30 17:49:02.364 16159-16299/net.iusky.yijiayou D/CrashReport: [Database] deleted t_lr data 1
2021-11-30 17:49:02.367 16159-16299/net.iusky.yijiayou D/CrashReport: [Database] insert t_lr success.
2021-11-30 17:49:02.368 16159-16159/net.iusky.yijiayou W/suwg: get-str:1ee1f8b59c17d90d6642b7880a0370c5,net.iusky.yijiayou,1c7030050962b8c890cc09ead273794a,c19dd8d20912fb9f7d7820fa136b211fa8565646
2021-11-30 17:49:02.368 16159-16159/net.iusky.yijiayou W/suwg: get-:2f52d6b1f9461e7d153ec092a3a1c66a
2021-11-30 17:49:02.370 16159-16299/net.iusky.yijiayou D/CrashReport: [UploadManager] Uploading(ID:1001) time: 2021-11-30 17:49:02
2021-11-30 17:49:02.370 16159-16299/net.iusky.yijiayou D/CrashReport: [Upload] Send 888 bytes
2021-11-30 17:49:02.372 16159-16230/net.iusky.yijiayou W/BpBinder: PerfMonitor binderTransact :  time=681ms interface=android.app.IActivityManager code=22
2021-11-30 17:49:02.372 16159-16299/net.iusky.yijiayou D/CrashReport: [Upload] Upload to http://android.bugly.qq.com/rqd/async?aid=f4f8f7af-3f40-4e22-bf06-d6d01db8d40c with cmd 840 (pid=16159 | tid=16299).
2021-11-30 17:49:02.373 16159-16299/net.iusky.yijiayou D/CrashReport: request: http://android.bugly.qq.com/rqd/async?aid=f4f8f7af-3f40-4e22-bf06-d6d01db8d40c, send: 888 (pid=16159 | tid=16299)
2021-11-30 17:49:02.379 16159-16281/net.iusky.yijiayou I/UMLog: 基础组件库完整性自检通过。
2021-11-30 17:49:02.427 16159-16308/net.iusky.yijiayou I/ResourceExtractor: Found extracted resources res_timestamp-181-1638265013386
2021-11-30 17:49:02.427 16159-16308/net.iusky.yijiayou I/ResourceExtractor: Resource version mismatch res_timestamp-181-1638265739351
2021-11-30 17:49:02.443 16159-16300/net.iusky.yijiayou W/suwg: check fname:  18d2ed21a6e7170c48de5438de9b9d8e 18d2ed21a6e7170c48de5438de9b9d8e true
2021-11-30 17:49:02.444 16159-16300/net.iusky.yijiayou W/suwg: check fname:  dfe55732e3ae9e6e6f3a4348457e1ba7 dfe55732e3ae9e6e6f3a4348457e1ba7 true
2021-11-30 17:49:02.445 16159-16300/net.iusky.yijiayou W/suwg: check fname:  d41d8cd98f00b204e9800998ecf8427e d41d8cd98f00b204e9800998ecf8427e true
2021-11-30 17:49:02.458 16159-16308/net.iusky.yijiayou I/ResourceExtractor: Extracted baseline resource assets/flutter_assets/vm_snapshot_data
2021-11-30 17:49:02.460 16159-16281/net.iusky.yijiayou W/.iusky.yijiayo: Accessing hidden method Landroid/os/Build;->getString(Ljava/lang/String;)Ljava/lang/String; (greylist, reflection, allowed)
2021-11-30 17:49:02.474 16159-16299/net.iusky.yijiayou D/CrashReport: [Upload] Bugly version from headers is: bugly/1.0
2021-11-30 17:49:02.474 16159-16299/net.iusky.yijiayou D/CrashReport: [Upload] Status from server is 0 (pid=16159 | tid=16299).
2021-11-30 17:49:02.475 16159-16299/net.iusky.yijiayou D/CrashReport: [Upload] Received 131 bytes
2021-11-30 17:49:02.480 16159-16299/net.iusky.yijiayou D/CrashReport: [Util] Unzip 115 bytes data with type Gzip
2021-11-30 17:49:02.485 16159-16299/net.iusky.yijiayou D/CrashReport: [Upload] Response cmd is: 0, length of sBuffer is: 0
2021-11-30 17:49:02.485 16159-16299/net.iusky.yijiayou I/CrashReport: [Upload] Success: userinfo
2021-11-30 17:49:02.493 16159-16299/net.iusky.yijiayou D/CrashReport: [UploadManager] Local network consume: 47 KB
2021-11-30 17:49:02.541 16159-16299/net.iusky.yijiayou D/CrashReport: [Database] deleted t_lr data 1
2021-11-30 17:49:02.542 16159-16281/net.iusky.yijiayou E/test_oaid: +++++++
2021-11-30 17:49:02.548 16159-16299/net.iusky.yijiayou D/CrashReport: [Database] insert t_lr success.
2021-11-30 17:49:02.548 16159-16299/net.iusky.yijiayou D/CrashReport: [UploadManager] Network total consume: 48 KB
2021-11-30 17:49:02.548 16159-16299/net.iusky.yijiayou D/CrashReport: [UserInfo] Successfully uploaded user info.
2021-11-30 17:49:02.551 16159-16281/net.iusky.yijiayou E/test_oaid: +++++++
2021-11-30 17:49:02.559 16159-16281/net.iusky.yijiayou E/MiuiPcManager: PcModeService didn't start
    android.os.RemoteException
        at android.pc.MiuiPcManager.<init>(MiuiPcManager.java:89)
        at android.pc.MiuiPcManager.<init>(MiuiPcManager.java:23)
        at android.pc.MiuiPcManager$MiuiPcManagerInstance.<clinit>(MiuiPcManager.java:71)
        at android.pc.MiuiPcManager$MiuiPcManagerInstance.access$100(MiuiPcManager.java:70)
        at android.pc.MiuiPcManager.getInstance(MiuiPcManager.java:75)
        at android.provider.MiuiSettings.getConfigurationForUser(MiuiSettings.java:6306)
        at android.provider.Settings$System.adjustConfigurationForUser(Settings.java:3601)
        at android.provider.Settings$System.getConfiguration(Settings.java:3569)
        at com.umeng.commonsdk.statistics.common.DeviceConfigEx.getLocale(DeviceConfigEx.java:826)
        at com.umeng.commonsdk.statistics.common.DeviceConfigEx.getTimeZone(DeviceConfigEx.java:714)
        at com.umeng.commonsdk.statistics.b.b(EnvelopeManager.java:551)
        at com.umeng.commonsdk.statistics.b.a(EnvelopeManager.java:118)
        at com.umeng.commonsdk.framework.UMEnvelopeBuild.buildEnvelopeWithExtHeader(UMEnvelopeBuild.java:245)
        at com.umeng.commonsdk.internal.d.a(UMInternalManager.java:59)
        at com.umeng.commonsdk.internal.UMInternalManagerAgent.sendInternalEnvelopeByStateful2(UMInternalManagerAgent.java:13)
        at java.lang.reflect.Method.invoke(Native Method)
        at com.umeng.commonsdk.internal.c.workEvent(UMInternalDataProtocol.java:177)
        at com.umeng.commonsdk.framework.UMWorkDispatch.handleEvent(UMWorkDispatch.java:239)
        at com.umeng.commonsdk.framework.UMWorkDispatch.access$000(UMWorkDispatch.java:21)
        at com.umeng.commonsdk.framework.UMWorkDispatch$1.handleMessage(UMWorkDispatch.java:192)
        at android.os.Handler.dispatchMessage(Handler.java:106)
        at android.os.Looper.loop(Looper.java:236)
        at android.os.HandlerThread.run(HandlerThread.java:67)
2021-11-30 17:49:02.572 16159-16299/net.iusky.yijiayou D/CrashReport: [Database] insert t_ui success.
2021-11-30 17:49:02.573 16159-16299/net.iusky.yijiayou D/CrashReport: [Database] insert t_ui success with ID: 28
2021-11-30 17:49:02.615 16159-16308/net.iusky.yijiayou I/ResourceExtractor: Extracted baseline resource assets/flutter_assets/isolate_snapshot_data
2021-11-30 17:49:02.612 16159-16159/net.iusky.yijiayou W/.iusky.yijiayou: type=1400 audit(0.0:3584056): avc: denied { read } for name="max_map_count" dev="proc" ino=111119132 scontext=u:r:untrusted_app_27:s0:c174,c259,c512,c768 tcontext=u:object_r:proc_max_map_count:s0 tclass=file permissive=0 app=com.tencent.mm
2021-11-30 17:49:02.633 16159-16159/net.iusky.yijiayou I/AdrenoGLES-0: QUALCOMM build                   : 95db91f, Ifbc588260a
    Build Date                       : 09/24/20
    OpenGL ES Shader Compiler Version: EV031.32.02.01
    Local Branch                     : mybrancheafe5b6d-fb5b-f1b0-b904-5cb90179c3e0
    Remote Branch                    : quic/gfx-adreno.lnx.1.0.r114-rel
    Remote Branch                    : NONE
    Reconstruct Branch               : NOTHING
2021-11-30 17:49:02.633 16159-16159/net.iusky.yijiayou I/AdrenoGLES-0: Build Config                     : S P 10.0.7 AArch32
2021-11-30 17:49:02.633 16159-16159/net.iusky.yijiayou I/AdrenoGLES-0: Driver Path                      : /vendor/lib/egl/libGLESv2_adreno.so
2021-11-30 17:49:02.638 16159-16159/net.iusky.yijiayou I/AdrenoGLES-0: PFP: 0x016ee190, ME: 0x00000000
2021-11-30 17:49:02.649 16159-16292/net.iusky.yijiayou E/TAG: OCR成功token:24.01b8ddc22be3e04a8d97d8af7f98084a.2592000.1640842103.282335-16924303
2021-11-30 17:49:02.682 16159-16159/net.iusky.yijiayou I/.iusky.yijiayo: Waiting for a blocking GC ClassLinker
2021-11-30 17:49:02.688 16159-16159/net.iusky.yijiayou I/.iusky.yijiayo: WaitForGcToComplete blocked ClassLinker on ClassLinker for 5.491ms
2021-11-30 17:49:02.701 16159-16159/net.iusky.yijiayou D/DeviceInfoPlugin: Don't use TaskQueues.
2021-11-30 17:49:02.785 16159-16159/net.iusky.yijiayou D/SampleApplicationLike: (SampleApplicationLike.java:199)Flutter - >  callback
2021-11-30 17:49:02.786 16159-16159/net.iusky.yijiayou D/SampleApplicationLike: (SampleApplicationLike.java:200)初始化提供给flutter数据   开始
2021-11-30 17:49:02.787 16159-16159/net.iusky.yijiayou D/UserInfoPlugin: (UserInfoPlugin.kt:15)registerWith
2021-11-30 17:49:02.787 16159-16159/net.iusky.yijiayou D/UserInfoPlugin: (UserInfoPlugin.kt:27)setupChannelio.flutter.embedding.engine.dart.DartExecutor$DefaultBinaryMessenger@561c5f context =  net.iusky.yijiayou.SampleApplication@c6ecb2
2021-11-30 17:49:02.792 16159-16159/net.iusky.yijiayou D/SampleApplicationLike: (SampleApplicationLike.java:202)初始化提供给flutter数据   结束
2021-11-30 17:49:02.838 16159-16159/net.iusky.yijiayou W/Looper: PerfMonitor longMsg : seq=3 plan=17:49:00.658 late=1ms wall=2178ms running=1488ms runnable=83ms io=3ms reclaim=7ms h=android.app.ActivityThread$H w=110 procState=2
2021-11-30 17:49:02.876 16159-16331/net.iusky.yijiayou E/flutter: [ERROR:flutter/shell/common/shell.cc(103)] Dart Error: Can't load Kernel binary: Invalid kernel binary: Indicated size is invalid.
2021-11-30 17:49:02.877 16159-16331/net.iusky.yijiayou E/flutter: [ERROR:flutter/runtime/dart_isolate.cc(171)] Could not prepare isolate.
2021-11-30 17:49:02.878 16159-16331/net.iusky.yijiayou E/flutter: [ERROR:flutter/runtime/runtime_controller.cc(415)] Could not create root isolate.
2021-11-30 17:49:02.878 16159-16331/net.iusky.yijiayou E/flutter: [ERROR:flutter/shell/common/shell.cc(588)] Could not launch engine with configuration.
2021-11-30 17:49:02.992 16159-16159/net.iusky.yijiayou D/AndroidAutoSize: net.iusky.yijiayou.activity.LoadActivity used the global configuration.
2021-11-30 17:49:02.997 16159-16319/net.iusky.yijiayou W/System.err: java.net.ProtocolException: cannot write request body after response has been read
2021-11-30 17:49:02.998 16159-16159/net.iusky.yijiayou D/AndroidAutoSize: The net.iusky.yijiayou.activity.LoadActivity has been adapted!
    LoadActivity Info: isBaseOnWidth = true, designWidthInDp = 375.000000, designWidthInSubunits = 375.000000, targetDensity = 2.880000, targetScaledDensity = 2.880000, targetDensityDpi = 460, targetXdpi = 2.880000, targetScreenWidthDp = 375, targetScreenHeightDp = 739
2021-11-30 17:49:02.998 16159-16159/net.iusky.yijiayou D/CrashReport: >>> net.iusky.yijiayou.activity.LoadActivity onCreated <<<
2021-11-30 17:49:03.023 16159-16319/net.iusky.yijiayou W/System.err:     at com.android.okhttp.internal.huc.HttpURLConnectionImpl.getOutputStream(HttpURLConnectionImpl.java:268)
2021-11-30 17:49:03.023 16159-16275/net.iusky.yijiayou D/SharedPreferencesImpl: Time required to fsync /data/user/0/net.iusky.yijiayou/shared_prefs/com.baidu.ocr.sdk.xml: [<1: 0, <2: 0, <4: 0, <8: 0, <16: 0, <32: 0, <64: 0, <128: 0, <256: 0, <512: 1, <1024: 0, <2048: 0, <4096: 0, <8192: 0, <16384: 0, >=16384: 0]
2021-11-30 17:49:03.024 16159-16319/net.iusky.yijiayou W/System.err:     at com.android.okhttp.internal.huc.DelegatingHttpsURLConnection.getOutputStream(DelegatingHttpsURLConnection.java:219)
2021-11-30 17:49:03.024 16159-16319/net.iusky.yijiayou W/System.err:     at com.android.okhttp.internal.huc.HttpsURLConnectionImpl.getOutputStream(HttpsURLConnectionImpl.java:30)
2021-11-30 17:49:03.024 16159-16319/net.iusky.yijiayou W/System.err:     at com.kepler.sdk.u.a(SourceFile:84)
2021-11-30 17:49:03.024 16159-16319/net.iusky.yijiayou W/System.err:     at com.kepler.sdk.q$2.run(SourceFile:179)
2021-11-30 17:49:03.025 16159-16319/net.iusky.yijiayou W/System.err:     at java.lang.Thread.run(Thread.java:923)
2021-11-30 17:49:03.093 16159-16304/net.iusky.yijiayou W/System.err: java.net.ProtocolException: method does not support a request body: GET
2021-11-30 17:49:03.094 16159-16304/net.iusky.yijiayou W/System.err:     at com.android.okhttp.internal.huc.HttpURLConnectionImpl.getOutputStream(HttpURLConnectionImpl.java:266)
2021-11-30 17:49:03.094 16159-16304/net.iusky.yijiayou W/System.err:     at com.android.okhttp.internal.huc.DelegatingHttpsURLConnection.getOutputStream(DelegatingHttpsURLConnection.java:219)
2021-11-30 17:49:03.094 16159-16304/net.iusky.yijiayou W/System.err:     at com.android.okhttp.internal.huc.HttpsURLConnectionImpl.getOutputStream(HttpsURLConnectionImpl.java:30)
2021-11-30 17:49:03.094 16159-16304/net.iusky.yijiayou W/System.err:     at com.kepler.sdk.u.a(SourceFile:84)
2021-11-30 17:49:03.094 16159-16304/net.iusky.yijiayou W/System.err:     at com.kepler.sdk.q$2.run(SourceFile:179)
2021-11-30 17:49:03.094 16159-16304/net.iusky.yijiayou W/System.err:     at java.lang.Thread.run(Thread.java:923)
2021-11-30 17:49:03.112 16159-16365/net.iusky.yijiayou W/.iusky.yijiayo: Method Landroid/support/v4/media/c;.close is abstract, but the declaring class is neither abstract nor an interface in dex file /system/app/MiuiContentCatcher/MiuiContentCatcher.apk
2021-11-30 17:49:03.112 16159-16365/net.iusky.yijiayou W/.iusky.yijiayo: Method Landroid/support/v4/media/c;.e is abstract, but the declaring class is neither abstract nor an interface in dex file /system/app/MiuiContentCatcher/MiuiContentCatcher.apk
2021-11-30 17:49:03.112 16159-16365/net.iusky.yijiayou W/.iusky.yijiayo: Method Lb/a/b/b/b;.b is abstract, but the declaring class is neither abstract nor an interface in dex file /system/app/MiuiContentCatcher/MiuiContentCatcher.apk
2021-11-30 17:49:03.115 16159-16365/net.iusky.yijiayou W/.iusky.yijiayo: Method Lcom/google/common/collect/Maps$h;.g is abstract, but the declaring class is neither abstract nor an interface in dex file /system/app/MiuiContentCatcher/MiuiContentCatcher.apk
2021-11-30 17:49:03.124 16159-16365/net.iusky.yijiayou W/.iusky.yijiayo: Accessing hidden method Lmiui/contentcatcher/sdk/Token;-><init>(Ljava/lang/String;Ljava/lang/String;Ljava/lang/String;I)V (greylist, linking, allowed)
2021-11-30 17:49:03.124 16159-16365/net.iusky.yijiayou W/.iusky.yijiayo: Accessing hidden method Lmiui/contentcatcher/InterceptorProxy;->getWorkThread()Landroid/os/HandlerThread; (greylist, linking, allowed)
2021-11-30 17:49:03.125 16159-16365/net.iusky.yijiayou W/.iusky.yijiayo: Accessing hidden method Lmiui/contentcatcher/sdk/data/PageConfig;->getCatchers()Ljava/util/ArrayList; (greylist, linking, allowed)
2021-11-30 17:49:03.125 16159-16365/net.iusky.yijiayou W/.iusky.yijiayo: Accessing hidden field Lmiui/contentcatcher/sdk/data/CatcherInfo;->name:Ljava/lang/String; (greylist, linking, allowed)
2021-11-30 17:49:03.125 16159-16365/net.iusky.yijiayou W/.iusky.yijiayo: Accessing hidden method Lmiui/contentcatcher/sdk/data/PageConfig;->getFeatures()Ljava/util/ArrayList; (greylist, linking, allowed)
2021-11-30 17:49:03.125 16159-16365/net.iusky.yijiayou W/.iusky.yijiayo: Accessing hidden field Lmiui/contentcatcher/sdk/data/FeatureInfo;->name:Ljava/lang/String; (greylist, linking, allowed)
2021-11-30 17:49:03.126 16159-16365/net.iusky.yijiayou W/.iusky.yijiayo: Accessing hidden field Lmiui/contentcatcher/sdk/data/FeatureInfo;->enable:Z (greylist, linking, allowed)
2021-11-30 17:49:03.126 16159-16365/net.iusky.yijiayou W/.iusky.yijiayo: Accessing hidden method Lmiui/contentcatcher/sdk/data/FeatureInfo;->getCatcherNameList()Ljava/util/List; (greylist, linking, allowed)
2021-11-30 17:49:03.126 16159-16365/net.iusky.yijiayou W/.iusky.yijiayo: Accessing hidden field Lmiui/contentcatcher/sdk/data/FeatureInfo;->mParams:Ljava/util/HashMap; (greylist, linking, allowed)
2021-11-30 17:49:03.126 16159-16365/net.iusky.yijiayou W/.iusky.yijiayo: Accessing hidden method Lcom/miui/internal/viewcontentfetcher/IViewContentFetcher;->createFetcher(Lmiui/contentcatcher/sdk/Token;Ljava/util/Map;)V (greylist, linking, allowed)
2021-11-30 17:49:03.127 16159-16365/net.iusky.yijiayou W/.iusky.yijiayo: Accessing hidden method Lmiui/contentcatcher/sdk/ContentCatcherManager;->getInstance()Lmiui/contentcatcher/sdk/ContentCatcherManager; (greylist, linking, allowed)
2021-11-30 17:49:03.127 16159-16365/net.iusky.yijiayou W/.iusky.yijiayo: Accessing hidden method Lmiui/contentcatcher/sdk/ContentCatcherManager;->getPageConfig(Lmiui/contentcatcher/sdk/Token;)Lmiui/contentcatcher/sdk/data/PageConfig; (greylist, linking, allowed)
2021-11-30 17:49:03.128 16159-16365/net.iusky.yijiayou W/.iusky.yijiayo: Accessing hidden method Lcom/miui/internal/viewcontentfetcher/IViewContentFetcher;->fetchWebViewBitmap(Landroid/view/View;I)Landroid/os/Bundle; (greylist, linking, allowed)
2021-11-30 17:49:03.129 16159-16365/net.iusky.yijiayou W/.iusky.yijiayo: Accessing hidden method Lcom/miui/internal/viewcontentfetcher/IViewContentFetcher;->fetchViewContent(Landroid/view/View;I)Landroid/os/Bundle; (greylist, linking, allowed)
2021-11-30 17:49:03.130 16159-16365/net.iusky.yijiayou W/.iusky.yijiayo: Accessing hidden field Lmiui/contentcatcher/sdk/Content;->TARGET:Ljava/lang/String; (greylist, linking, allowed)
2021-11-30 17:49:03.130 16159-16365/net.iusky.yijiayou W/.iusky.yijiayo: Accessing hidden field Lmiui/contentcatcher/sdk/Content;->JOB:Ljava/lang/String; (greylist, linking, allowed)
2021-11-30 17:49:03.130 16159-16365/net.iusky.yijiayou W/.iusky.yijiayo: Accessing hidden field Lmiui/contentcatcher/sdk/Content;->TOKEN_KEY:Ljava/lang/String; (greylist, linking, allowed)
2021-11-30 17:49:03.131 16159-16365/net.iusky.yijiayou W/.iusky.yijiayo: Accessing hidden method Lmiui/contentcatcher/sdk/ContentCatcherManager;->registerContentInjector(Lmiui/contentcatcher/sdk/Token;Lmiui/contentcatcher/sdk/injector/IContentDecorateCallback;)V (greylist, linking, allowed)
2021-11-30 17:49:03.131 16159-16365/net.iusky.yijiayou W/.iusky.yijiayo: Accessing hidden method Lmiui/contentcatcher/sdk/ContentCatcherManager;->unregisterContentInjector(Lmiui/contentcatcher/sdk/Token;)V (greylist, linking, allowed)
2021-11-30 17:49:03.133 16159-16365/net.iusky.yijiayou W/.iusky.yijiayo: Accessing hidden method Lmiui/contentcatcher/sdk/Content;-><init>(ILjava/lang/String;Lmiui/contentcatcher/sdk/Token;Ljava/util/Map;)V (greylist, linking, allowed)
2021-11-30 17:49:03.133 16159-16365/net.iusky.yijiayou W/.iusky.yijiayo: Accessing hidden method Lmiui/contentcatcher/sdk/ContentCatcherManager;->onContentCatched(Lmiui/contentcatcher/sdk/Content;)V (greylist, linking, allowed)
2021-11-30 17:49:03.133 16159-16365/net.iusky.yijiayou W/.iusky.yijiayo: Accessing hidden method Lmiui/contentcatcher/sdk/Content;-><init>(Landroid/content/Intent;Landroid/os/Bundle;)V (greylist, linking, allowed)
2021-11-30 17:49:03.137 16159-16365/net.iusky.yijiayou W/.iusky.yijiayo: Accessing hidden method Lmiui/contentcatcher/sdk/Token;->getActivityName()Ljava/lang/String; (greylist, linking, allowed)
2021-11-30 17:49:03.138 16159-16365/net.iusky.yijiayou W/.iusky.yijiayo: Accessing hidden method Landroid/app/AppGlobals;->getInitialApplication()Landroid/app/Application; (greylist, linking, allowed)
2021-11-30 17:49:03.139 16159-16365/net.iusky.yijiayou D/ViewContentFactory: initViewContentFetcherClass
2021-11-30 17:49:03.139 16159-16365/net.iusky.yijiayou D/ViewContentFactory: getInterceptorPackageInfo
2021-11-30 17:49:03.140 16159-16365/net.iusky.yijiayou D/ViewContentFactory: getInitialApplication took 2ms
2021-11-30 17:49:03.140 16159-16365/net.iusky.yijiayou D/ViewContentFactory: packageInfo.packageName: com.miui.catcherpatch
2021-11-30 17:49:03.156 16159-16365/net.iusky.yijiayou W/.iusky.yijiayo: Accessing hidden method Lmiui/util/ObjectReference;->get()Ljava/lang/Object; (greylist, linking, allowed)
2021-11-30 17:49:03.156 16159-16365/net.iusky.yijiayou W/.iusky.yijiayo: Accessing hidden method Lmiui/contentcatcher/sdk/Token;->getPkgName()Ljava/lang/String; (greylist, linking, allowed)
2021-11-30 17:49:03.156 16159-16365/net.iusky.yijiayou W/.iusky.yijiayo: Accessing hidden method Lmiui/contentcatcher/sdk/Token;->getVersionCode()I (greylist, linking, allowed)
2021-11-30 17:49:03.156 16159-16365/net.iusky.yijiayou D/ViewContentFactory: initViewContentFetcherClass took 18ms
2021-11-30 17:49:03.156 16159-16365/net.iusky.yijiayou I/ContentCatcher: ViewContentFetcher : ViewContentFetcher
2021-11-30 17:49:03.156 16159-16365/net.iusky.yijiayou D/ViewContentFactory: createInterceptor took 18ms
2021-11-30 17:49:03.157 16159-16365/net.iusky.yijiayou W/.iusky.yijiayo: Accessing hidden method Lmiui/contentcatcher/sdk/injector/IContentDecorateCallback$Stub;-><init>()V (greylist, linking, allowed)
2021-11-30 17:49:03.178 16159-16159/net.iusky.yijiayou W/.iusky.yijiayo: Accessing hidden method Landroid/view/View;->computeFitSystemWindows(Landroid/graphics/Rect;Landroid/graphics/Rect;)Z (greylist, reflection, allowed)
2021-11-30 17:49:03.181 16159-16159/net.iusky.yijiayou W/.iusky.yijiayo: Accessing hidden method Landroid/view/ViewGroup;->makeOptionalFitsSystemWindows()V (greylist, reflection, allowed)
2021-11-30 17:49:03.220 16159-16346/net.iusky.yijiayou I/flutter: Observatory listening on http://127.0.0.1:38267/elgAR9xVS-M=/
2021-11-30 17:49:03.300 16159-16159/net.iusky.yijiayou W/.iusky.yijiayo: Accessing hidden method Landroid/view/Window;->setExtraFlags(II)V (greylist, reflection, allowed)
2021-11-30 17:49:03.318 16159-16159/net.iusky.yijiayou I/LoadActivity: 非首次登录进入首页
2021-11-30 17:49:03.340 16159-16159/net.iusky.yijiayou I/Timeline: Timeline: Activity_launch_request time:1111528378
2021-11-30 17:49:03.362 16159-16159/net.iusky.yijiayou W/.iusky.yijiayo: Accessing hidden field Ldalvik/system/BaseDexClassLoader;->pathList:Ldalvik/system/DexPathList; (greylist, JNI, allowed)
2021-11-30 17:49:03.362 16159-16159/net.iusky.yijiayou W/.iusky.yijiayo: Accessing hidden field Ldalvik/system/DexPathList;->dexElements:[Ldalvik/system/DexPathList$Element; (greylist, JNI, allowed)
2021-11-30 17:49:03.362 16159-16159/net.iusky.yijiayou W/.iusky.yijiayo: Accessing hidden field Ldalvik/system/DexPathList$Element;->dexFile:Ldalvik/system/DexFile; (greylist, JNI, allowed)
2021-11-30 17:49:03.362 16159-16159/net.iusky.yijiayou W/.iusky.yijiayo: Accessing hidden field Ldalvik/system/DexFile;->mFileName:Ljava/lang/String; (greylist, JNI, allowed)
2021-11-30 17:49:03.407 16159-16380/net.iusky.yijiayou W/.iusky.yijiayo: Accessing hidden method Lcom/android/id/impl/IdProviderImpl;-><init>()V (greylist, reflection, allowed)
2021-11-30 17:49:03.407 16159-16380/net.iusky.yijiayou W/.iusky.yijiayo: Accessing hidden method Lcom/android/id/impl/IdProviderImpl;->getOAID(Landroid/content/Context;)Ljava/lang/String; (greylist, reflection, allowed)
2021-11-30 17:49:03.407 16159-16380/net.iusky.yijiayou W/.iusky.yijiayo: Accessing hidden method Lcom/android/id/impl/IdProviderImpl;->getVAID(Landroid/content/Context;)Ljava/lang/String; (greylist, reflection, allowed)
2021-11-30 17:49:03.407 16159-16380/net.iusky.yijiayou W/.iusky.yijiayo: Accessing hidden method Lcom/android/id/impl/IdProviderImpl;->getAAID(Landroid/content/Context;)Ljava/lang/String; (greylist, reflection, allowed)
2021-11-30 17:49:03.417 16159-16380/net.iusky.yijiayou D/IdProviderImpl: getOAID
2021-11-30 17:49:03.425 16159-16380/net.iusky.yijiayou D/IdProviderImpl: getVAID
2021-11-30 17:49:03.429 16159-16380/net.iusky.yijiayou D/IdProviderImpl: getAAID
2021-11-30 17:49:03.433 16159-16380/net.iusky.yijiayou D/SdkDemo:: support: true
    OAID: f2060fff2fc2c62
2021-11-30 17:49:03.707 16159-16275/net.iusky.yijiayou D/SharedPreferencesImpl: Time required to fsync /data/user/0/net.iusky.yijiayou/shared_prefs/share_data.xml: [<1: 0, <2: 0, <4: 0, <8: 0, <16: 0, <32: 0, <64: 0, <128: 0, <256: 0, <512: 1, <1024: 0, <2048: 0, <4096: 0, <8192: 0, <16384: 0, >=16384: 0]
2021-11-30 17:49:04.401 16159-16159/net.iusky.yijiayou I/System.out: OAID-----=: f2060fff2fc2c62
2021-11-30 17:49:04.401 16159-16159/net.iusky.yijiayou I/System.out: OAIDMD5-----=: 04A4AC2E54FD3DFF46D05E84541FEF89
2021-11-30 17:49:04.401 16159-16159/net.iusky.yijiayou W/Activity: Slow Operation: Activity net.iusky.yijiayou/.activity.LoadActivity onCreate took 1477ms
2021-11-30 17:49:04.411 16159-16159/net.iusky.yijiayou W/Looper: PerfMonitor longMsg : seq=4 plan=17:49:00.674 late=2164ms wall=1569ms running=440ms runnable=64ms io=5ms reclaim=1ms h=android.app.ActivityThread$H w=159 procState=2
2021-11-30 17:49:04.412 16159-16159/net.iusky.yijiayou W/Looper: PerfMonitor looperActivity : package=net.iusky.yijiayou/.activity.LoadActivity time=1569ms latency=2164ms running=440ms  procState=2 ClientTransaction{ callbacks=[android.app.servertransaction.LaunchActivityItem] lifecycleRequest=android.app.servertransaction.ResumeActivityItem } historyMsgCount=1 (msgIndex=1 wall=2178ms seq=3 running=1488ms runnable=83ms io=3ms reclaim=7ms late=1ms h=android.app.ActivityThread$H w=110)
2021-11-30 17:49:04.413 16159-16159/net.iusky.yijiayou W/Looper: PerfMonitor looperActivity : package=net.iusky.yijiayou/.activity.LoadActivity time=1ms latency=3737ms running=0ms  procState=2 ClientTransaction{ callbacks=[android.app.servertransaction.TopResumedActivityChangeItem] } historyMsgCount=2 (msgIndex=1 wall=2178ms seq=3 running=1488ms runnable=83ms io=3ms reclaim=7ms late=1ms h=android.app.ActivityThread$H w=110) (msgIndex=2 wall=1569ms seq=4 running=440ms runnable=64ms io=5ms reclaim=1ms late=2164ms h=android.app.ActivityThread$H w=159)
2021-11-30 17:49:04.441 16159-16159/net.iusky.yijiayou W/.iusky.yijiayo: Accessing hidden field Landroid/app/Application;->mLoadedApk:Landroid/app/LoadedApk; (greylist, reflection, allowed)
2021-11-30 17:49:04.441 16159-16159/net.iusky.yijiayou W/.iusky.yijiayo: Accessing hidden field Landroid/app/LoadedApk;->mActivityThread:Landroid/app/ActivityThread; (greylist, reflection, allowed)
2021-11-30 17:49:04.441 16159-16159/net.iusky.yijiayou W/.iusky.yijiayo: Accessing hidden field Landroid/app/ActivityThread;->mActivities:Landroid/util/ArrayMap; (greylist, reflection, allowed)
2021-11-30 17:49:04.441 16159-16159/net.iusky.yijiayou W/.iusky.yijiayo: Accessing hidden field Landroid/app/ActivityThread$ActivityClientRecord;->activity:Landroid/app/Activity; (greylist, reflection, allowed)
2021-11-30 17:49:04.441 16159-16159/net.iusky.yijiayou W/.iusky.yijiayo: Accessing hidden field Landroid/app/ActivityThread$ActivityClientRecord;->paused:Z (greylist, reflection, allowed)
2021-11-30 17:49:04.442 16159-16159/net.iusky.yijiayou W/.iusky.yijiayo: Accessing hidden field Landroid/app/ActivityThread$ActivityClientRecord;->stopped:Z (greylist, reflection, allowed)
2021-11-30 17:49:04.453 16159-16406/net.iusky.yijiayou E/PushMessageReceiver: [onNotificationSettingsCheck] isOn:true,source:0
2021-11-30 17:49:04.465 16159-16159/net.iusky.yijiayou W/Looper: PerfMonitor looperActivity : package=net.iusky.yijiayou/.activity.LoadActivity time=1ms latency=1110ms running=2ms  procState=2 ClientTransaction{ callbacks=[android.app.servertransaction.TopResumedActivityChangeItem] } historyMsgCount=17 (msgIndex=1 wall=1569ms seq=4 running=440ms runnable=64ms io=5ms reclaim=1ms late=2164ms h=android.app.ActivityThread$H w=159)
2021-11-30 17:49:04.468 16159-16159/net.iusky.yijiayou W/Looper: PerfMonitor looperActivity : package=net.iusky.yijiayou/.activity.LoadActivity time=2ms latency=1111ms running=1ms  procState=2 ClientTransaction{ lifecycleRequest=android.app.servertransaction.PauseActivityItem } historyMsgCount=18 (msgIndex=1 wall=1569ms seq=4 running=440ms runnable=64ms io=5ms reclaim=1ms late=2164ms h=android.app.ActivityThread$H w=159)
2021-11-30 17:49:04.494 16159-16159/net.iusky.yijiayou D/AndroidAutoSize: net.iusky.yijiayou.activity.fragments.SplashActivity used the global configuration.
2021-11-30 17:49:04.497 16159-16159/net.iusky.yijiayou D/AndroidAutoSize: The net.iusky.yijiayou.activity.fragments.SplashActivity has been adapted!
    SplashActivity Info: isBaseOnWidth = true, designWidthInDp = 375.000000, designWidthInSubunits = 375.000000, targetDensity = 2.880000, targetScaledDensity = 2.880000, targetDensityDpi = 460, targetXdpi = 2.880000, targetScreenWidthDp = 375, targetScreenHeightDp = 739
2021-11-30 17:49:04.498 16159-16159/net.iusky.yijiayou D/CrashReport: >>> net.iusky.yijiayou.activity.fragments.SplashActivity onCreated <<<
2021-11-30 17:49:04.502 16159-16365/net.iusky.yijiayou D/ViewContentFactory: initViewContentFetcherClass
2021-11-30 17:49:04.502 16159-16365/net.iusky.yijiayou I/ContentCatcher: ViewContentFetcher : ViewContentFetcher
2021-11-30 17:49:04.502 16159-16365/net.iusky.yijiayou D/ViewContentFactory: createInterceptor took 0ms
2021-11-30 17:49:04.667 16159-16159/net.iusky.yijiayou D/AndroidAutoSize: net.iusky.yijiayou.activity.fragments.SplashActivity used the global configuration.
2021-11-30 17:49:04.669 16159-16159/net.iusky.yijiayou D/AndroidAutoSize: The net.iusky.yijiayou.activity.fragments.SplashActivity has been adapted!
    SplashActivity Info: isBaseOnWidth = true, designWidthInDp = 375.000000, designWidthInSubunits = 375.000000, targetDensity = 2.880000, targetScaledDensity = 2.880000, targetDensityDpi = 460, targetXdpi = 2.880000, targetScreenWidthDp = 375, targetScreenHeightDp = 739
2021-11-30 17:49:04.673 16159-16159/net.iusky.yijiayou D/JIGUANG-JCore: [JCoreHelper] runActionWithService action:notification_state
2021-11-30 17:49:04.677 16159-16159/net.iusky.yijiayou D/JIGUANG-JCore: [JCoreHelper] runActionWithService action:change_foreground_dy
2021-11-30 17:49:04.680 16159-16159/net.iusky.yijiayou D/JIGUANG-JCore: [JCoreHelper] runActionWithService action:change_foreground
2021-11-30 17:49:04.690 16159-16159/net.iusky.yijiayou I/crashsdk: Unexp log not enabled, skip update unexp info!
2021-11-30 17:49:04.692 16159-16159/net.iusky.yijiayou V/FlutterBoostPlugin: ## onForeground: com.idlefish.flutterboost.Messages$FlutterRouterApi@711db19
2021-11-30 17:49:04.713 16159-16159/net.iusky.yijiayou D/CrashReport: >>> net.iusky.yijiayou.activity.fragments.SplashActivity onResumed <<<
2021-11-30 17:49:04.714 16159-16159/net.iusky.yijiayou I/CrashReport: Set native info: isAppForeground(true)
2021-11-30 17:49:04.715 16159-16159/net.iusky.yijiayou I/CrashReport: [session] launch app one times (app in background 1638265744 seconds and over 30 seconds)
2021-11-30 17:49:04.715 16159-16159/net.iusky.yijiayou D/CrashReport: [AsyncTaskHandler] Post a delay(time: 0ms) task: com.tencent.bugly.crashreport.biz.a$a
2021-11-30 17:49:04.715 16159-16159/net.iusky.yijiayou I/CrashReport: add a timer to upload hot start user info
2021-11-30 17:49:04.715 16159-16159/net.iusky.yijiayou D/CrashReport: [AsyncTaskHandler] Post a delay(time: 300000ms) task: com.tencent.bugly.crashreport.biz.a$a
2021-11-30 17:49:04.715 16159-16269/net.iusky.yijiayou D/CrashReport: [UserInfo] Record user info.
2021-11-30 17:49:04.719 16159-16159/net.iusky.yijiayou D/MobclickAgent: [当前页面采集模式]: AUTO;  [是否使能异常捕获功能]: 否;  [当前会话间隔时长]: 30秒
2021-11-30 17:49:04.720 16159-16159/net.iusky.yijiayou I/SampleApplicationLike: (SampleApplicationLike.java:221)onActivityResumed:SplashActivity
2021-11-30 17:49:04.724 16159-16269/net.iusky.yijiayou I/CrashReport: [UserInfo] There are too many user info in local: 20
2021-11-30 17:49:04.725 16159-16159/net.iusky.yijiayou I/System.out: try to read channel info from apk : /data/app/~~Cgzhtf9xPD4OMHpAjNkimQ==/net.iusky.yijiayou-OYJWIvR9WoqaWNApiCa_PQ==/base.apk
2021-11-30 17:49:04.728 16159-16159/net.iusky.yijiayou I/System.out: find V2 signature block Id : 1896449818
2021-11-30 17:49:04.729 16159-16159/net.iusky.yijiayou I/System.out: getByteBufferValueById , destApk /data/app/~~Cgzhtf9xPD4OMHpAjNkimQ==/net.iusky.yijiayou-OYJWIvR9WoqaWNApiCa_PQ==/base.apk IdValueMap = {1896449818=java.nio.HeapByteBuffer[pos=0 lim=795 cap=795], 1114793335=java.nio.HeapByteBuffer[pos=0 lim=3245 cap=3245]}
2021-11-30 17:49:04.729 16159-16159/net.iusky.yijiayou I/System.out: getByteValueById , id = -2012129793 , value = null
2021-11-30 17:49:04.729 16159-16159/net.iusky.yijiayou I/ChannelReaderUtil: getChannelByV2 , channel = null
2021-11-30 17:49:04.731 16159-16159/net.iusky.yijiayou I/System.out: APK : /data/app/~~Cgzhtf9xPD4OMHpAjNkimQ==/net.iusky.yijiayou-OYJWIvR9WoqaWNApiCa_PQ==/base.apk not have channel info from Zip Comment
2021-11-30 17:49:04.731 16159-16159/net.iusky.yijiayou I/ChannelReaderUtil: getChannelByV1 , channel = null
2021-11-30 17:49:04.745 16159-16159/net.iusky.yijiayou E/MyOkhttpUtils: (MyOkhttpUtils.java:394)埋点JSON->{"TU":"ffffffff-8fbc-4f62-8fbc-4f6200000000","OP":"Android11","PT":"MI 9 SE","CI":"ffffffff-8fbc-4f62-8fbc-4f6200000000","NT":"WIFI","VE":"1","ET":"1","BR":"Xiaomi","SC":"SplashActivity","CT":"Android机","SE":"Android_AUUCAVVT_1638265744734","UI":"2122341589","RF":"","TAGCT":"Android","TM":"1638265744735","PO":"113.922414,22.4874"}
2021-11-30 17:49:04.785 16159-16159/net.iusky.yijiayou W/Looper: PerfMonitor looperActivity : package=net.iusky.yijiayou/.activity.fragments.SplashActivity time=312ms latency=606ms running=255ms  procState=2 ClientTransaction{ callbacks=[android.app.servertransaction.LaunchActivityItem] lifecycleRequest=android.app.servertransaction.ResumeActivityItem } historyMsgCount=21 (msgIndex=1 wall=1569ms seq=4 running=440ms runnable=64ms io=5ms reclaim=1ms late=2164ms h=android.app.ActivityThread$H w=159)
2021-11-30 17:49:04.786 16159-16159/net.iusky.yijiayou W/Looper: PerfMonitor looperActivity : package=net.iusky.yijiayou/.activity.fragments.SplashActivity time=0ms latency=918ms running=0ms  procState=2 ClientTransaction{ callbacks=[android.app.servertransaction.TopResumedActivityChangeItem] } historyMsgCount=22 (msgIndex=1 wall=1569ms seq=4 running=440ms runnable=64ms io=5ms reclaim=1ms late=2164ms h=android.app.ActivityThread$H w=159) (msgIndex=22 wall=312ms seq=25 running=255ms runnable=9ms io=2ms late=606ms h=android.app.ActivityThread$H w=159)
2021-11-30 17:49:04.791 16159-16417/net.iusky.yijiayou I/MIPUSH: 小米推送registerId5D6kqbATovYHsZdjdckvmWVxipDKRk7da4daseCX3ZAPM0qE2n6DjZNY4/C+v6Cb
2021-11-30 17:49:04.797 16159-16406/net.iusky.yijiayou E/PushMessageReceiver: [onConnected] true
2021-11-30 17:49:04.829 16159-16159/net.iusky.yijiayou V/MiuiFrameworkFactory: get AllImpl object = android.common.MiuiFrameworkFactoryImpl@7362d6d
2021-11-30 17:49:04.870 16159-16357/net.iusky.yijiayou I/Gralloc4: mapper 4.x is not supported
2021-11-30 17:49:04.870 16159-16357/net.iusky.yijiayou W/Gralloc3: mapper 3.x is not supported
2021-11-30 17:49:04.887 16159-16281/net.iusky.yijiayou D/MobclickAgent: 延续上一个会话: 6448F2C8E7897F46A5BABD8F18F08F81
2021-11-30 17:49:04.891 16159-16281/net.iusky.yijiayou W/SQLiteLog: (28) double-quoted string literal: "6448F2C8E7897F46A5BABD8F18F08F81"
2021-11-30 17:49:04.891 16159-16281/net.iusky.yijiayou W/SQLiteLog: (28) double-quoted string literal: ""
2021-11-30 17:49:04.892 16159-16281/net.iusky.yijiayou W/SQLiteLog: (28) double-quoted string literal: "6448F2C8E7897F46A5BABD8F18F08F81"
2021-11-30 17:49:04.892 16159-16281/net.iusky.yijiayou W/SQLiteLog: (28) double-quoted string literal: "-1"
2021-11-30 17:49:04.893 16159-16281/net.iusky.yijiayou D/UMLog: 当前发送策略为：启动时发送。详见链接 https://developer.umeng.com/docs/66632/detail/66976?um_channel=sdk
2021-11-30 17:49:04.995 16159-16159/net.iusky.yijiayou W/Tinker.UpgradePatchRetry: onPatchRetryLoad retry info not exist, just return
2021-11-30 17:49:05.011 16159-16159/net.iusky.yijiayou D/CrashReport: >>> net.iusky.yijiayou.activity.LoadActivity onDestroyed <<<
2021-11-30 17:49:05.032 16159-16173/net.iusky.yijiayou I/.iusky.yijiayo: Background concurrent copying GC freed 67866(3677KB) AllocSpace objects, 60(2324KB) LOS objects, 49% free, 11MB/22MB, paused 146us total 129.500ms
2021-11-30 17:49:05.035 16159-16175/net.iusky.yijiayou W/System: A resource failed to call close.
2021-11-30 17:49:05.077 16159-16270/net.iusky.yijiayou I/CrashReport: Beta async init start...
2021-11-30 17:49:05.385 16159-16159/net.iusky.yijiayou D/CrashReport: [AsyncTaskHandler] Post a normal task: com.tencent.bugly.beta.download.BetaReceiver$1
2021-11-30 17:49:05.382 16159-16159/net.iusky.yijiayou W/BUGLY_THREAD: type=1400 audit(0.0:3584074): avc: denied { search } for name="usb" dev="sysfs" ino=54497 scontext=u:r:untrusted_app_27:s0:c174,c259,c512,c768 tcontext=u:object_r:sysfs_usb_supply:s0 tclass=dir permissive=0 app=com.tencent.mm
2021-11-30 17:49:05.401 16159-16270/net.iusky.yijiayou W/CrashReport: java.io.FileNotFoundException: /proc/uptime: open failed: EACCES (Permission denied)
        at libcore.io.IoBridge.open(IoBridge.java:492)
        at java.io.FileInputStream.<init>(FileInputStream.java:160)
        at java.io.FileInputStream.<init>(FileInputStream.java:115)
        at java.io.FileReader.<init>(FileReader.java:58)
        at com.tencent.bugly.crashreport.common.info.b.n(BUGLY:1078)
        at com.tencent.bugly.crashreport.common.info.a.R(BUGLY:1017)
        at com.tencent.bugly.proguard.ah.a(BUGLY:307)
        at com.tencent.bugly.beta.upgrade.b.a(BUGLY:42)
        at com.tencent.bugly.beta.upgrade.c.a(BUGLY:489)
        at com.tencent.bugly.beta.Beta.checkUpgrade(BUGLY:201)
        at com.tencent.bugly.beta.global.d.run(BUGLY:158)
        at java.util.concurrent.Executors$RunnableAdapter.call(Executors.java:462)
        at java.util.concurrent.FutureTask.run(FutureTask.java:266)
        at java.util.concurrent.ScheduledThreadPoolExecutor$ScheduledFutureTask.run(ScheduledThreadPoolExecutor.java:301)
        at java.util.concurrent.ThreadPoolExecutor.runWorker(ThreadPoolExecutor.java:1167)
        at java.util.concurrent.ThreadPoolExecutor$Worker.run(ThreadPoolExecutor.java:641)
        at java.lang.Thread.run(Thread.java:923)
     Caused by: android.system.ErrnoException: open failed: EACCES (Permission denied)
        at libcore.io.Linux.open(Native Method)
        at libcore.io.ForwardingOs.open(ForwardingOs.java:166)
        at libcore.io.BlockGuardOs.open(BlockGuardOs.java:254)
        at libcore.io.ForwardingOs.open(ForwardingOs.java:166)
        at android.app.ActivityThread$AndroidOs.open(ActivityThread.java:7934)
        at libcore.io.IoBridge.open(IoBridge.java:478)
        at java.io.FileInputStream.<init>(FileInputStream.java:160) 
        at java.io.FileInputStream.<init>(FileInputStream.java:115) 
        at java.io.FileReader.<init>(FileReader.java:58) 
        at com.tencent.bugly.crashreport.common.info.b.n(BUGLY:1078) 
        at com.tencent.bugly.crashreport.common.info.a.R(BUGLY:1017) 
        at com.tencent.bugly.proguard.ah.a(BUGLY:307) 
        at com.tencent.bugly.beta.upgrade.b.a(BUGLY:42) 
        at com.tencent.bugly.beta.upgrade.c.a(BUGLY:489) 
        at com.tencent.bugly.beta.Beta.checkUpgrade(BUGLY:201) 
        at com.tencent.bugly.beta.global.d.run(BUGLY:158) 
        at java.util.concurrent.Executors$RunnableAdapter.call(Executors.java:462) 
        at java.util.concurrent.FutureTask.run(FutureTask.java:266) 
        at java.util.concurrent.ScheduledThreadPoolExecutor$ScheduledFutureTask.run(ScheduledThreadPoolExecutor.java:301) 
        at java.util.concurrent.ThreadPoolExecutor.runWorker(ThreadPoolExecutor.java:1167) 
        at java.util.concurrent.ThreadPoolExecutor$Worker.run(ThreadPoolExecutor.java:641) 
        at java.lang.Thread.run(Thread.java:923) 
2021-11-30 17:49:05.382 16159-16159/net.iusky.yijiayou W/BUGLY_THREAD: type=1400 audit(0.0:3584075): avc: denied { search } for name="battery" dev="sysfs" ino=54602 scontext=u:r:untrusted_app_27:s0:c174,c259,c512,c768 tcontext=u:object_r:sysfs_battery_supply:s0 tclass=dir permissive=0 app=com.tencent.mm
2021-11-30 17:49:05.420 16159-16270/net.iusky.yijiayou D/CrashReport: app version is: [6.4.1.181], [deviceId:null|null|37ab2a5c1ac4ef42], channel: [YiJiaYou], base tinkerId:[YiJiaYouDebug_5.9.1], patch tinkerId:[], patch version:[]
2021-11-30 17:49:05.422 16159-16270/net.iusky.yijiayou D/CrashReport: [UploadManager] Add upload task (pid=16159 | tid=16270)
2021-11-30 17:49:05.422 16159-16270/net.iusky.yijiayou D/CrashReport: [UploadManager] Sucessfully got session ID, try to execute upload task now (pid=16159 | tid=16270)
2021-11-30 17:49:05.422 16159-16270/net.iusky.yijiayou D/CrashReport: [UploadManager] Add upload task to queue (pid=16159 | tid=16270)
2021-11-30 17:49:05.422 16159-16270/net.iusky.yijiayou D/CrashReport: [UploadManager] Try to poll all upload task need and put them into temp queue (pid=16159 | tid=16270)
2021-11-30 17:49:05.422 16159-16270/net.iusky.yijiayou D/CrashReport: [UploadManager] Execute upload tasks of queue which has 1 tasks (pid=16159 | tid=16270)
2021-11-30 17:49:05.422 16159-16270/net.iusky.yijiayou D/CrashReport: [AsyncTaskHandler] Post a normal task: com.tencent.bugly.proguard.ak$2
2021-11-30 17:49:05.424 16159-16270/net.iusky.yijiayou I/CrashReport: Beta async init end...
2021-11-30 17:49:05.427 16159-16271/net.iusky.yijiayou D/CrashReport: [UploadManager] Local network consume: 48 KB
2021-11-30 17:49:05.428 16159-16271/net.iusky.yijiayou D/CrashReport: [Upload] Run upload task with cmd: 804
2021-11-30 17:49:05.430 16159-16271/net.iusky.yijiayou D/CrashReport: [UploadManager] Integrate security to HTTP headers (pid=16159 | tid=16271)
2021-11-30 17:49:05.430 16159-16271/net.iusky.yijiayou D/CrashReport: [Util] Zip 958 bytes data with type Gzip
2021-11-30 17:49:05.445 16159-16271/net.iusky.yijiayou D/CrashReport: [Database] deleted t_lr data 1
2021-11-30 17:49:05.447 16159-16271/net.iusky.yijiayou D/CrashReport: [Database] insert t_lr success.
2021-11-30 17:49:05.448 16159-16271/net.iusky.yijiayou D/CrashReport: [UploadManager] Uploading(ID:1002) time: 2021-11-30 17:49:05
2021-11-30 17:49:05.448 16159-16271/net.iusky.yijiayou D/CrashReport: [Upload] Send 744 bytes
2021-11-30 17:49:05.449 16159-16271/net.iusky.yijiayou D/CrashReport: [Upload] Upload to http://android.bugly.qq.com/rqd/async?aid=c8ede28f-0c70-4acf-9576-7b5dde61f727 with cmd 804 (pid=16159 | tid=16271).
2021-11-30 17:49:05.449 16159-16271/net.iusky.yijiayou D/CrashReport: request: http://android.bugly.qq.com/rqd/async?aid=c8ede28f-0c70-4acf-9576-7b5dde61f727, send: 744 (pid=16159 | tid=16271)
2021-11-30 17:49:05.575 16159-16271/net.iusky.yijiayou D/CrashReport: [Upload] Bugly version from headers is: bugly/1.0
2021-11-30 17:49:05.576 16159-16271/net.iusky.yijiayou D/CrashReport: [Upload] Status from server is 0 (pid=16159 | tid=16271).
2021-11-30 17:49:05.576 16159-16271/net.iusky.yijiayou D/CrashReport: [Upload] Received 129 bytes
2021-11-30 17:49:05.577 16159-16271/net.iusky.yijiayou D/CrashReport: [Util] Unzip 113 bytes data with type Gzip
2021-11-30 17:49:05.579 16159-16271/net.iusky.yijiayou D/CrashReport: [Upload] Response cmd is: 0, length of sBuffer is: 0
2021-11-30 17:49:05.579 16159-16271/net.iusky.yijiayou I/CrashReport: [Upload] Success: 804
2021-11-30 17:49:05.580 16159-16271/net.iusky.yijiayou D/CrashReport: [UploadManager] Local network consume: 48 KB
2021-11-30 17:49:05.583 16159-16271/net.iusky.yijiayou D/CrashReport: [Database] deleted t_lr data 1
2021-11-30 17:49:05.584 16159-16271/net.iusky.yijiayou D/CrashReport: [Database] insert t_lr success.
2021-11-30 17:49:05.584 16159-16271/net.iusky.yijiayou D/CrashReport: [UploadManager] Network total consume: 49 KB
2021-11-30 17:49:05.584 16159-16271/net.iusky.yijiayou I/CrashReport: upload succ:[804] [sended 744] [recevied 129]
2021-11-30 17:49:09.153 16159-16210/net.iusky.yijiayou I/.iusky.yijiayo: ProcessProfilingInfo new_methods=6841 is saved saved_to_disk=1 resolve_classes_delay=8000
2021-11-30 17:49:09.685 16159-16159/net.iusky.yijiayou I/Timeline: Timeline: Activity_launch_request time:1111534723
2021-11-30 17:49:09.717 16159-16159/net.iusky.yijiayou D/CrashReport: >>> net.iusky.yijiayou.activity.fragments.SplashActivity onPaused <<<
2021-11-30 17:49:09.719 16159-16159/net.iusky.yijiayou I/CrashReport: Set native info: isAppForeground(false)
2021-11-30 17:49:09.795 16159-16159/net.iusky.yijiayou D/AndroidAutoSize: net.iusky.yijiayou.ktactivity.KMainActivity used the global configuration.
2021-11-30 17:49:09.796 16159-16159/net.iusky.yijiayou D/AndroidAutoSize: The net.iusky.yijiayou.ktactivity.KMainActivity has been adapted!
    KMainActivity Info: isBaseOnWidth = true, designWidthInDp = 375.000000, designWidthInSubunits = 375.000000, targetDensity = 2.880000, targetScaledDensity = 2.880000, targetDensityDpi = 460, targetXdpi = 2.880000, targetScreenWidthDp = 375, targetScreenHeightDp = 739
2021-11-30 17:49:09.797 16159-16159/net.iusky.yijiayou D/CrashReport: >>> net.iusky.yijiayou.ktactivity.KMainActivity onCreated <<<
2021-11-30 17:49:09.799 16159-16365/net.iusky.yijiayou D/ViewContentFactory: initViewContentFetcherClass
2021-11-30 17:49:09.799 16159-16365/net.iusky.yijiayou I/ContentCatcher: ViewContentFetcher : ViewContentFetcher
2021-11-30 17:49:09.799 16159-16365/net.iusky.yijiayou D/ViewContentFactory: createInterceptor took 0ms
2021-11-30 17:49:09.902 16159-16281/net.iusky.yijiayou W/SQLiteLog: (28) double-quoted string literal: "
2021-11-30 17:49:09.902 16159-16281/net.iusky.yijiayou W/SQLiteLog: (28) double-quoted string literal: "6448F2C8E7897F46A5BABD8F18F08F81"
2021-11-30 17:49:09.912 16159-16474/net.iusky.yijiayou W/LOTTIE: You have 5 images. Lottie should primarily be used with shapes. If you are using Adobe Illustrator, convert the Illustrator layers to shape layers.
2021-11-30 17:49:09.915 16159-16474/net.iusky.yijiayou W/LOTTIE: You have 6 images. Lottie should primarily be used with shapes. If you are using Adobe Illustrator, convert the Illustrator layers to shape layers.
2021-11-30 17:49:09.956 16159-16476/net.iusky.yijiayou W/LOTTIE: Animation contains merge paths. Merge paths are only supported on KitKat+ and must be manually enabled by calling enableMergePathsForKitKatAndAbove().
2021-11-30 17:49:09.986 16159-16159/net.iusky.yijiayou I/System.out: try to read channel info from apk : /data/app/~~Cgzhtf9xPD4OMHpAjNkimQ==/net.iusky.yijiayou-OYJWIvR9WoqaWNApiCa_PQ==/base.apk
2021-11-30 17:49:09.987 16159-16159/net.iusky.yijiayou I/System.out: find V2 signature block Id : 1896449818
2021-11-30 17:49:09.987 16159-16159/net.iusky.yijiayou I/System.out: getByteBufferValueById , destApk /data/app/~~Cgzhtf9xPD4OMHpAjNkimQ==/net.iusky.yijiayou-OYJWIvR9WoqaWNApiCa_PQ==/base.apk IdValueMap = {1896449818=java.nio.HeapByteBuffer[pos=0 lim=795 cap=795], 1114793335=java.nio.HeapByteBuffer[pos=0 lim=3245 cap=3245]}
2021-11-30 17:49:09.987 16159-16159/net.iusky.yijiayou I/System.out: getByteValueById , id = -2012129793 , value = null
2021-11-30 17:49:09.987 16159-16159/net.iusky.yijiayou I/ChannelReaderUtil: getChannelByV2 , channel = null
2021-11-30 17:49:09.987 16159-16159/net.iusky.yijiayou I/System.out: APK : /data/app/~~Cgzhtf9xPD4OMHpAjNkimQ==/net.iusky.yijiayou-OYJWIvR9WoqaWNApiCa_PQ==/base.apk not have channel info from Zip Comment
2021-11-30 17:49:09.987 16159-16159/net.iusky.yijiayou I/ChannelReaderUtil: getChannelByV1 , channel = null
2021-11-30 17:49:10.253 16159-16159/net.iusky.yijiayou W/BpBinder: PerfMonitor binderTransact :  time=264ms interface=android.net.IConnectivityManager code=3
2021-11-30 17:49:10.254 16159-16159/net.iusky.yijiayou E/MyOkhttpUtils: (MyOkhttpUtils.java:394)埋点JSON->{"TU":"ffffffff-8fbc-4f62-8fbc-4f6200000000","OP":"Android11","PT":"MI 9 SE","CI":"ffffffff-8fbc-4f62-8fbc-4f6200000000","NT":"WIFI","VE":"1","ET":"3","BR":"Xiaomi","CT":"Android机","EV":"click","SE":"Android_AUUCAVVT_1638265744734","UI":"2122341589","TAGCT":"Android","TM":"1638265749988","PO":"113.922414,22.4874"}
2021-11-30 17:49:10.256 16159-16159/net.iusky.yijiayou I/System.out: try to read channel info from apk : /data/app/~~Cgzhtf9xPD4OMHpAjNkimQ==/net.iusky.yijiayou-OYJWIvR9WoqaWNApiCa_PQ==/base.apk
2021-11-30 17:49:10.257 16159-16159/net.iusky.yijiayou I/System.out: find V2 signature block Id : 1896449818
2021-11-30 17:49:10.258 16159-16159/net.iusky.yijiayou I/System.out: getByteBufferValueById , destApk /data/app/~~Cgzhtf9xPD4OMHpAjNkimQ==/net.iusky.yijiayou-OYJWIvR9WoqaWNApiCa_PQ==/base.apk IdValueMap = {1896449818=java.nio.HeapByteBuffer[pos=0 lim=795 cap=795], 1114793335=java.nio.HeapByteBuffer[pos=0 lim=3245 cap=3245]}
2021-11-30 17:49:10.258 16159-16159/net.iusky.yijiayou I/System.out: getByteValueById , id = -2012129793 , value = null
2021-11-30 17:49:10.258 16159-16159/net.iusky.yijiayou I/ChannelReaderUtil: getChannelByV2 , channel = null
