2021-11-30 17:49:13.075 16159-16564/net.iusky.yijiayou E/MyOkhttpUtils: (MyOkhttpUtils.java:394)埋点JSON->{"TU":"ffffffff-8fbc-4f62-8fbc-4f6200000000","OP":"Android11","PT":"MI 9 SE","CI":"ffffffff-8fbc-4f62-8fbc-4f6200000000","NT":"WIFI","VE":"1","ET":"2","BR":"Xiaomi","SC":"https://dev.ejiayou.com/v1/appRaise/getDownloadJob.do?logLongitude\u003d113.922414\u0026logCityName\u003d%E6%B7%B1%E5%9C%B3%E5%B8%82\u0026latitude\u003d22.4874\u0026telephone\u003d15236183971\u0026userId\u003d2122341589\u0026version\u003d6.4.1\u0026versionId\u003d6.4.1\u0026logLatitude\u003d22.4874\u0026carType\u003d5\u0026cityName\u003d%E6%B7%B1%E5%9C%B3%E5%B8%82\u0026user_id\u003d2122341589\u0026os_type\u003d2\u0026osType\u003d2\u0026versionBuild\u003d181\u0026longitude\u003d113.922414","CT":"Android机","PA":"\u0026logLongitude\u003d113.922414\u0026logCityName\u003d深圳市\u0026latitude\u003d22.4874\u0026telephone\u003d15236183971\u0026userId\u003d2122341589\u0026version\u003d6.4.1\u0026versionId\u003d6.4.1\u0026logLatitude\u003d22.4874\u0026carType\u003d5\u0026cityName\u003d深圳市\u0026user_id\u003d2122341589\u0026os_type\u003d2\u0026osType\u003d2\u0026versionBuild\u003d181\u0026longitude\u003d113.922414","SE":"Android_AUUCAVVT_1638265744734","UI":"2122341589","TAGCT":"Android","TM":"1638265753074","PO":"113.922414,22.4874"}
2021-11-30 17:49:13.080 16159-16480/net.iusky.yijiayou E/LoggingInterceptorUtils: (LoggingInterceptorUtils.java:37)LoggingInterceptor=====POST请求:https://dev.ejiayou.com/oreo/get/coupon/objects/5066d2ab68954403b8305254fd89aaa8/1638265752822
2021-11-30 17:49:13.080 16159-16480/net.iusky.yijiayou I/LoggingInterceptorUtils: (LoggingInterceptorUtils.java:96)LoggingInterceptor=====POST请求参数:{"oilId":"1","logLongitude":"113.922414","logCityName":"深圳市","latitude":"22.4874","telephone":"15236183971","userId":"2122341589","version":"6.4.1","versionId":"6.4.1","logLatitude":"22.4874","carType":"5","user_id":"2122341589","os_type":"2","osType":"2","versionBuild":"181","longitude":"113.922414"}
2021-11-30 17:49:13.081 16159-16480/net.iusky.yijiayou I/LoggingInterceptorUtils: (LoggingInterceptorUtils.java:106)LoggingInterceptor=====POST请求参数 encode:&oilId=1&logLongitude=113.922414&logCityName=深圳市&latitude=22.4874&telephone=15236183971&userId=2122341589&version=6.4.1&versionId=6.4.1&logLatitude=22.4874&carType=5&user_id=2122341589&os_type=2&osType=2&versionBuild=181&longitude=113.922414
2021-11-30 17:49:13.081 16159-16480/net.iusky.yijiayou I/System.out: try to read channel info from apk : /data/app/~~Cgzhtf9xPD4OMHpAjNkimQ==/net.iusky.yijiayou-OYJWIvR9WoqaWNApiCa_PQ==/base.apk
2021-11-30 17:49:13.082 16159-16480/net.iusky.yijiayou I/System.out: find V2 signature block Id : 1896449818
2021-11-30 17:49:13.082 16159-16480/net.iusky.yijiayou I/System.out: getByteBufferValueById , destApk /data/app/~~Cgzhtf9xPD4OMHpAjNkimQ==/net.iusky.yijiayou-OYJWIvR9WoqaWNApiCa_PQ==/base.apk IdValueMap = {1896449818=java.nio.HeapByteBuffer[pos=0 lim=795 cap=795], 1114793335=java.nio.HeapByteBuffer[pos=0 lim=3245 cap=3245]}
2021-11-30 17:49:13.082 16159-16480/net.iusky.yijiayou I/System.out: getByteValueById , id = -2012129793 , value = null
2021-11-30 17:49:13.082 16159-16480/net.iusky.yijiayou I/ChannelReaderUtil: getChannelByV2 , channel = null
2021-11-30 17:49:13.082 16159-16480/net.iusky.yijiayou I/System.out: APK : /data/app/~~Cgzhtf9xPD4OMHpAjNkimQ==/net.iusky.yijiayou-OYJWIvR9WoqaWNApiCa_PQ==/base.apk not have channel info from Zip Comment
2021-11-30 17:49:13.082 16159-16480/net.iusky.yijiayou I/ChannelReaderUtil: getChannelByV1 , channel = null
2021-11-30 17:49:13.086 16159-16480/net.iusky.yijiayou E/MyOkhttpUtils: (MyOkhttpUtils.java:394)埋点JSON->{"TU":"ffffffff-8fbc-4f62-8fbc-4f6200000000","OP":"Android11","PT":"MI 9 SE","CI":"ffffffff-8fbc-4f62-8fbc-4f6200000000","NT":"WIFI","VE":"1","ET":"2","BR":"Xiaomi","SC":"https://dev.ejiayou.com/oreo/get/coupon/objects/5066d2ab68954403b8305254fd89aaa8/1638265752822","CT":"Android机","PA":"\u0026oilId\u003d1\u0026logLongitude\u003d113.922414\u0026logCityName\u003d深圳市\u0026latitude\u003d22.4874\u0026telephone\u003d15236183971\u0026userId\u003d2122341589\u0026version\u003d6.4.1\u0026versionId\u003d6.4.1\u0026logLatitude\u003d22.4874\u0026carType\u003d5\u0026user_id\u003d2122341589\u0026os_type\u003d2\u0026osType\u003d2\u0026versionBuild\u003d181\u0026longitude\u003d113.922414","SE":"Android_AUUCAVVT_1638265744734","UI":"2122341589","TAGCT":"Android","TM":"1638265753083","PO":"113.922414,22.4874"}
2021-11-30 17:49:13.101 16159-16159/net.iusky.yijiayou D/EgretLoader: EgretLoader(Context context)
2021-11-30 17:49:13.103 16159-16159/net.iusky.yijiayou D/EgretLoader: The context is not activity
2021-11-30 17:49:13.124 16159-16569/net.iusky.yijiayou E/LoggingInterceptorUtils: (LoggingInterceptorUtils.java:37)LoggingInterceptor=====POST请求:https://dev.ejiayou.com/v1/oilgold/account/info
2021-11-30 17:49:13.124 16159-16569/net.iusky.yijiayou I/LoggingInterceptorUtils: (LoggingInterceptorUtils.java:96)LoggingInterceptor=====POST请求参数:{"logLongitude":"113.922414","logCityName":"深圳市","latitude":"22.4874","telephone":"15236183971","userId":"2122341589","version":"6.4.1","versionId":"6.4.1","logLatitude":"22.4874","carType":"5","user_id":"2122341589","os_type":"2","osType":"2","versionBuild":"181","longitude":"113.922414"}
2021-11-30 17:49:13.124 16159-16569/net.iusky.yijiayou I/LoggingInterceptorUtils: (LoggingInterceptorUtils.java:106)LoggingInterceptor=====POST请求参数 encode:&logLongitude=113.922414&logCityName=深圳市&latitude=22.4874&telephone=15236183971&userId=2122341589&version=6.4.1&versionId=6.4.1&logLatitude=22.4874&carType=5&user_id=2122341589&os_type=2&osType=2&versionBuild=181&longitude=113.922414
2021-11-30 17:49:13.124 16159-16569/net.iusky.yijiayou I/System.out: try to read channel info from apk : /data/app/~~Cgzhtf9xPD4OMHpAjNkimQ==/net.iusky.yijiayou-OYJWIvR9WoqaWNApiCa_PQ==/base.apk
2021-11-30 17:49:13.125 16159-16569/net.iusky.yijiayou I/System.out: find V2 signature block Id : 1896449818
2021-11-30 17:49:13.126 16159-16569/net.iusky.yijiayou I/System.out: getByteBufferValueById , destApk /data/app/~~Cgzhtf9xPD4OMHpAjNkimQ==/net.iusky.yijiayou-OYJWIvR9WoqaWNApiCa_PQ==/base.apk IdValueMap = {1896449818=java.nio.HeapByteBuffer[pos=0 lim=795 cap=795], 1114793335=java.nio.HeapByteBuffer[pos=0 lim=3245 cap=3245]}
2021-11-30 17:49:13.126 16159-16569/net.iusky.yijiayou I/System.out: getByteValueById , id = -2012129793 , value = null
2021-11-30 17:49:13.126 16159-16569/net.iusky.yijiayou I/ChannelReaderUtil: getChannelByV2 , channel = null
2021-11-30 17:49:13.126 16159-16569/net.iusky.yijiayou I/System.out: APK : /data/app/~~Cgzhtf9xPD4OMHpAjNkimQ==/net.iusky.yijiayou-OYJWIvR9WoqaWNApiCa_PQ==/base.apk not have channel info from Zip Comment
2021-11-30 17:49:13.126 16159-16569/net.iusky.yijiayou I/ChannelReaderUtil: getChannelByV1 , channel = null
2021-11-30 17:49:13.128 16159-16569/net.iusky.yijiayou E/MyOkhttpUtils: (MyOkhttpUtils.java:394)埋点JSON->{"TU":"ffffffff-8fbc-4f62-8fbc-4f6200000000","OP":"Android11","PT":"MI 9 SE","CI":"ffffffff-8fbc-4f62-8fbc-4f6200000000","NT":"WIFI","VE":"1","ET":"2","BR":"Xiaomi","SC":"https://dev.ejiayou.com/v1/oilgold/account/info","CT":"Android机","PA":"\u0026logLongitude\u003d113.922414\u0026logCityName\u003d深圳市\u0026latitude\u003d22.4874\u0026telephone\u003d15236183971\u0026userId\u003d2122341589\u0026version\u003d6.4.1\u0026versionId\u003d6.4.1\u0026logLatitude\u003d22.4874\u0026carType\u003d5\u0026user_id\u003d2122341589\u0026os_type\u003d2\u0026osType\u003d2\u0026versionBuild\u003d181\u0026longitude\u003d113.922414","SE":"Android_AUUCAVVT_1638265744734","UI":"2122341589","TAGCT":"Android","TM":"1638265753126","PO":"113.922414,22.4874"}
2021-11-30 17:49:13.131 16159-16159/net.iusky.yijiayou D/EgretLoader: EgretLoader(Context context)
2021-11-30 17:49:13.133 16159-16159/net.iusky.yijiayou D/EgretLoader: The context is not activity
2021-11-30 17:49:13.209 16159-16175/net.iusky.yijiayou W/System: A resource failed to call close.
2021-11-30 17:49:13.212 16159-16175/net.iusky.yijiayou I/chatty: uid=10942(net.iusky.yijiayou) FinalizerDaemon identical 18 lines
2021-11-30 17:49:13.212 16159-16175/net.iusky.yijiayou W/System: A resource failed to call close.
2021-11-30 17:49:13.228 16159-16159/net.iusky.yijiayou W/Sketch: SLog. setLevel. UNKNOWN(0) -> INFO
2021-11-30 17:49:13.241 16159-16159/net.iusky.yijiayou I/Sketch: Version release 2.6.1(2610) -> Configuration:
    uriModelManager：UriModelManager
    optionsFilterManager：OptionsFilterManager
    diskCache：LruDiskCache(maxSize=105 MB,appVersionCode=2,cacheDir=/storage/emulated/0/Android/data/net.iusky.yijiayou/cache/sketch)
    bitmapPool：LruBitmapPool(maxSize=28.65 MB,strategy=SizeConfigStrategy,allowedConfigs=[ALPHA_8, null, ARGB_4444, RGB_565, HARDWARE, ARGB_8888, RGBA_F16])
    memoryCache：LruMemoryCache(maxSize=28.65 MB)
    processedImageCache：ProcessedImageCache
    httpStack：HurlStack(maxRetryCount=0,connectTimeout=7000,readTimeout=7000,userAgent=null)
    decoder：ImageDecoder
    downloader：ImageDownloader
    orientationCorrector：ImageOrientationCorrector
    defaultDisplayer：DefaultImageDisplayer
    resizeProcessor：ResizeImageProcessor
    resizeCalculator：ResizeCalculator
    sizeCalculator：ImageSizeCalculator
    freeRideManager：FreeRideManager
    executor：RequestExecutor(running)
    helperFactory：HelperFactory
    requestFactory：RequestFactory
    errorTracker：ErrorTracker
    pauseDownload：false
    pauseLoad：false
    lowQualityImage：false
    inPreferQualityOverSpeed：false
    mobileDataPauseDownload：false
2021-11-30 17:49:13.256 16159-16159/net.iusky.yijiayou E/KStationFragment: (KStationFragment.kt:814)更新的数据：UpdateDataBean{compel=0, isupdate=0, desc='', title='', url=''}
2021-11-30 17:49:13.256 16159-16594/net.iusky.yijiayou W/.iusky.yijiayo: Accessing hidden method Landroid/os/storage/StorageManager;->getVolumePaths()[Ljava/lang/String; (greylist, reflection, allowed)
2021-11-30 17:49:13.259 16159-16594/net.iusky.yijiayou W/.iusky.yijiayo: Accessing hidden method Landroid/os/storage/StorageManager;->getVolumeState(Ljava/lang/String;)Ljava/lang/String; (greylist, reflection, allowed)
2021-11-30 17:49:13.343 16159-16159/net.iusky.yijiayou W/View: requestLayout() improperly called by net.iusky.yijiayou.myview.ScaleTransitionPagerTitleView{4c8bb08 VFED..C.. ......ID 0,0-149,115} during layout: running second layout pass
2021-11-30 17:49:13.344 16159-16159/net.iusky.yijiayou W/View: requestLayout() improperly called by net.iusky.yijiayou.myview.ScaleTransitionPagerTitleView{5c39cc6 VFED..C.. ......ID 149,0-361,115} during layout: running second layout pass
2021-11-30 17:49:13.344 16159-16159/net.iusky.yijiayou W/View: requestLayout() improperly called by net.iusky.yijiayou.myview.ScaleTransitionPagerTitleView{5324487 VFED..C.. ......ID 361,0-683,115} during layout: running second layout pass
2021-11-30 17:49:13.411 16159-16595/net.iusky.yijiayou E/TimeUtils: (TimeUtils.kt:26)当前网络时间=》1638265753000
2021-11-30 17:49:13.444 16159-16159/net.iusky.yijiayou I/StationListPresenter: (StationListPresenter.kt:385)检查更新请求结果：200
2021-11-30 17:49:13.444 16159-16159/net.iusky.yijiayou D/baidu_location_client: baidu location connected ...
2021-11-30 17:49:13.446 16159-16159/net.iusky.yijiayou I/StationListPresenter: (StationListPresenter.kt:288)运营弹窗数据请求结果：200
2021-11-30 17:49:13.457 16159-16159/net.iusky.yijiayou I/StationListPresenter: (StationListPresenter.kt:398)全部网络请求完成
2021-11-30 17:49:13.503 16159-16159/net.iusky.yijiayou E/KStationFragment: (KStationFragment.kt:814)更新的数据：UpdateDataBean{compel=0, isupdate=0, desc='', title='', url=''}
2021-11-30 17:49:13.565 16159-16159/net.iusky.yijiayou W/View: requestLayout() improperly called by net.iusky.yijiayou.myview.ScaleTransitionPagerTitleView{b1934d6 VFED..C.. ......ID 0,0-149,115} during layout: running second layout pass
2021-11-30 17:49:13.565 16159-16159/net.iusky.yijiayou W/View: requestLayout() improperly called by net.iusky.yijiayou.myview.ScaleTransitionPagerTitleView{6677e44 VFED..C.. ......ID 149,0-361,115} during layout: running second layout pass
2021-11-30 17:49:13.565 16159-16159/net.iusky.yijiayou W/View: requestLayout() improperly called by net.iusky.yijiayou.myview.ScaleTransitionPagerTitleView{f21ab2d VFED..C.. ......ID 361,0-683,115} during layout: running second layout pass
2021-11-30 17:49:13.611 16159-16564/net.iusky.yijiayou I/System.out: try to read channel info from apk : /data/app/~~Cgzhtf9xPD4OMHpAjNkimQ==/net.iusky.yijiayou-OYJWIvR9WoqaWNApiCa_PQ==/base.apk
2021-11-30 17:49:13.613 16159-16564/net.iusky.yijiayou I/System.out: find V2 signature block Id : 1896449818
2021-11-30 17:49:13.613 16159-16564/net.iusky.yijiayou I/System.out: getByteBufferValueById , destApk /data/app/~~Cgzhtf9xPD4OMHpAjNkimQ==/net.iusky.yijiayou-OYJWIvR9WoqaWNApiCa_PQ==/base.apk IdValueMap = {1896449818=java.nio.HeapByteBuffer[pos=0 lim=795 cap=795], 1114793335=java.nio.HeapByteBuffer[pos=0 lim=3245 cap=3245]}
2021-11-30 17:49:13.613 16159-16564/net.iusky.yijiayou I/System.out: getByteValueById , id = -2012129793 , value = null
2021-11-30 17:49:13.613 16159-16564/net.iusky.yijiayou I/ChannelReaderUtil: getChannelByV2 , channel = null
2021-11-30 17:49:13.614 16159-16564/net.iusky.yijiayou I/System.out: APK : /data/app/~~Cgzhtf9xPD4OMHpAjNkimQ==/net.iusky.yijiayou-OYJWIvR9WoqaWNApiCa_PQ==/base.apk not have channel info from Zip Comment
2021-11-30 17:49:13.614 16159-16564/net.iusky.yijiayou I/ChannelReaderUtil: getChannelByV1 , channel = null
2021-11-30 17:49:13.619 16159-16564/net.iusky.yijiayou E/MyOkhttpUtils: (MyOkhttpUtils.java:394)埋点JSON->{"TU":"ffffffff-8fbc-4f62-8fbc-4f6200000000","OP":"Android11","PT":"MI 9 SE","CI":"ffffffff-8fbc-4f62-8fbc-4f6200000000","NT":"WIFI","VE":"1","ET":"2","BR":"Xiaomi","SC":"https://dev.ejiayou.com/eapi/v2/app/seckill_ad_link?oilId\u003d1\u0026logLongitude\u003d113.922414\u0026logCityName\u003d%E6%B7%B1%E5%9C%B3%E5%B8%82\u0026latitude\u003d22.4874\u0026telephone\u003d15236183971\u0026userId\u003d2122341589\u0026version\u003d6.4.1\u0026versionId\u003d6.4.1\u0026logLatitude\u003d22.4874\u0026carType\u003d5\u0026user_id\u003d2122341589\u0026os_type\u003d2\u0026osType\u003d2\u0026versionBuild\u003d181\u0026longitude\u003d113.922414","CT":"Android机","PA":"\u0026oilId\u003d1\u0026logLongitude\u003d113.922414\u0026logCityName\u003d深圳市\u0026latitude\u003d22.4874\u0026telephone\u003d15236183971\u0026userId\u003d2122341589\u0026version\u003d6.4.1\u0026versionId\u003d6.4.1\u0026logLatitude\u003d22.4874\u0026carType\u003d5\u0026user_id\u003d2122341589\u0026os_type\u003d2\u0026osType\u003d2\u0026versionBuild\u003d181\u0026longitude\u003d113.922414","SE":"Android_AUUCAVVT_1638265744734","UI":"2122341589","TAGCT":"Android","TM":"1638265753614","PO":"113.922414,22.4874"}
2021-11-30 17:49:13.620 16159-16569/net.iusky.yijiayou E/LoggingInterceptorUtils: (LoggingInterceptorUtils.java:37)LoggingInterceptor=====POST请求:https://dev.ejiayou.com/eapi/v2/app/other_interests/index
2021-11-30 17:49:13.620 16159-16569/net.iusky.yijiayou I/LoggingInterceptorUtils: (LoggingInterceptorUtils.java:96)LoggingInterceptor=====POST请求参数:{"logLongitude":"113.922414","logCityName":"深圳市","latitude":"22.4874","telephone":"15236183971","userId":"2122341589","version":"6.4.1","versionId":"6.4.1","logLatitude":"22.4874","carType":"5","user_id":"2122341589","os_type":"2","osType":"2","versionBuild":"181","longitude":"113.922414"}
2021-11-30 17:49:13.621 16159-16569/net.iusky.yijiayou I/LoggingInterceptorUtils: (LoggingInterceptorUtils.java:106)LoggingInterceptor=====POST请求参数 encode:&logLongitude=113.922414&logCityName=深圳市&latitude=22.4874&telephone=15236183971&userId=2122341589&version=6.4.1&versionId=6.4.1&logLatitude=22.4874&carType=5&user_id=2122341589&os_type=2&osType=2&versionBuild=181&longitude=113.922414
2021-11-30 17:49:13.621 16159-16569/net.iusky.yijiayou I/System.out: try to read channel info from apk : /data/app/~~Cgzhtf9xPD4OMHpAjNkimQ==/net.iusky.yijiayou-OYJWIvR9WoqaWNApiCa_PQ==/base.apk
2021-11-30 17:49:13.626 16159-16159/net.iusky.yijiayou E/MainPresenter: (MainPresenter.kt:283)获取用户身份成功200
2021-11-30 17:49:13.627 16159-16569/net.iusky.yijiayou I/System.out: find V2 signature block Id : 1896449818
2021-11-30 17:49:13.627 16159-16569/net.iusky.yijiayou I/System.out: getByteBufferValueById , destApk /data/app/~~Cgzhtf9xPD4OMHpAjNkimQ==/net.iusky.yijiayou-OYJWIvR9WoqaWNApiCa_PQ==/base.apk IdValueMap = {1896449818=java.nio.HeapByteBuffer[pos=0 lim=795 cap=795], 1114793335=java.nio.HeapByteBuffer[pos=0 lim=3245 cap=3245]}
2021-11-30 17:49:13.627 16159-16569/net.iusky.yijiayou I/System.out: getByteValueById , id = -2012129793 , value = null
2021-11-30 17:49:13.627 16159-16569/net.iusky.yijiayou I/ChannelReaderUtil: getChannelByV2 , channel = null
2021-11-30 17:49:13.628 16159-16569/net.iusky.yijiayou I/System.out: APK : /data/app/~~Cgzhtf9xPD4OMHpAjNkimQ==/net.iusky.yijiayou-OYJWIvR9WoqaWNApiCa_PQ==/base.apk not have channel info from Zip Comment
2021-11-30 17:49:13.628 16159-16569/net.iusky.yijiayou I/ChannelReaderUtil: getChannelByV1 , channel = null
2021-11-30 17:49:13.634 16159-16569/net.iusky.yijiayou E/MyOkhttpUtils: (MyOkhttpUtils.java:394)埋点JSON->{"TU":"ffffffff-8fbc-4f62-8fbc-4f6200000000","OP":"Android11","PT":"MI 9 SE","CI":"ffffffff-8fbc-4f62-8fbc-4f6200000000","NT":"WIFI","VE":"1","ET":"2","BR":"Xiaomi","SC":"https://dev.ejiayou.com/eapi/v2/app/other_interests/index","CT":"Android机","PA":"\u0026logLongitude\u003d113.922414\u0026logCityName\u003d深圳市\u0026latitude\u003d22.4874\u0026telephone\u003d15236183971\u0026userId\u003d2122341589\u0026version\u003d6.4.1\u0026versionId\u003d6.4.1\u0026logLatitude\u003d22.4874\u0026carType\u003d5\u0026user_id\u003d2122341589\u0026os_type\u003d2\u0026osType\u003d2\u0026versionBuild\u003d181\u0026longitude\u003d113.922414","SE":"Android_AUUCAVVT_1638265744734","UI":"2122341589","TAGCT":"Android","TM":"1638265753628","PO":"113.922414,22.4874"}
2021-11-30 17:49:13.685 16159-16598/net.iusky.yijiayou E/TimeUtils: (TimeUtils.kt:26)当前网络时间=》1638265754000
2021-11-30 17:49:13.709 16159-16175/net.iusky.yijiayou W/System: A resource failed to call close.
2021-11-30 17:49:13.709 16159-16175/net.iusky.yijiayou W/System: A resource failed to call close.
2021-11-30 17:49:14.006 16159-16159/net.iusky.yijiayou W/Looper: PerfMonitor doFrame : time=380ms vsyncFrame=36906296 latency=92ms procState=2 historyMsgCount=15 (msgIndex=1 wall=66ms seq=719 running=56ms runnable=4ms reclaim=1ms late=152ms h=android.view.Choreographer$FrameHandler c=android.view.Choreographer$FrameDisplayEventReceiver)
2021-11-30 17:49:14.020 16159-16159/net.iusky.yijiayou W/Looper: PerfMonitor doFrame : time=10ms vsyncFrame=36906302 latency=375ms procState=2 historyMsgCount=7 (msgIndex=1 wall=380ms seq=734 running=343ms runnable=6ms io=5ms late=92ms h=android.view.Choreographer$FrameHandler c=android.view.Choreographer$FrameDisplayEventReceiver)
2021-11-30 17:49:14.036 16159-16562/net.iusky.yijiayou I/System.out: try to read channel info from apk : /data/app/~~Cgzhtf9xPD4OMHpAjNkimQ==/net.iusky.yijiayou-OYJWIvR9WoqaWNApiCa_PQ==/base.apk
2021-11-30 17:49:14.040 16159-16569/net.iusky.yijiayou E/LoggingInterceptorUtils: (LoggingInterceptorUtils.java:37)LoggingInterceptor=====POST请求:https://dev.ejiayou.com/eapi/v2/app/other_interests/index
2021-11-30 17:49:14.040 16159-16569/net.iusky.yijiayou I/LoggingInterceptorUtils: (LoggingInterceptorUtils.java:96)LoggingInterceptor=====POST请求参数:{"logLongitude":"113.922414","logCityName":"深圳市","latitude":"22.4874","telephone":"15236183971","userId":"2122341589","version":"6.4.1","versionId":"6.4.1","logLatitude":"22.4874","carType":"5","user_id":"2122341589","os_type":"2","osType":"2","versionBuild":"181","longitude":"113.922414"}
2021-11-30 17:49:14.040 16159-16569/net.iusky.yijiayou I/LoggingInterceptorUtils: (LoggingInterceptorUtils.java:106)LoggingInterceptor=====POST请求参数 encode:&logLongitude=113.922414&logCityName=深圳市&latitude=22.4874&telephone=15236183971&userId=2122341589&version=6.4.1&versionId=6.4.1&logLatitude=22.4874&carType=5&user_id=2122341589&os_type=2&osType=2&versionBuild=181&longitude=113.922414
2021-11-30 17:49:14.041 16159-16569/net.iusky.yijiayou I/System.out: try to read channel info from apk : /data/app/~~Cgzhtf9xPD4OMHpAjNkimQ==/net.iusky.yijiayou-OYJWIvR9WoqaWNApiCa_PQ==/base.apk
2021-11-30 17:49:14.043 16159-16569/net.iusky.yijiayou I/System.out: find V2 signature block Id : 1896449818
2021-11-30 17:49:14.043 16159-16569/net.iusky.yijiayou I/System.out: getByteBufferValueById , destApk /data/app/~~Cgzhtf9xPD4OMHpAjNkimQ==/net.iusky.yijiayou-OYJWIvR9WoqaWNApiCa_PQ==/base.apk IdValueMap = {1896449818=java.nio.HeapByteBuffer[pos=0 lim=795 cap=795], 1114793335=java.nio.HeapByteBuffer[pos=0 lim=3245 cap=3245]}
2021-11-30 17:49:14.043 16159-16569/net.iusky.yijiayou I/System.out: getByteValueById , id = -2012129793 , value = null
2021-11-30 17:49:14.043 16159-16569/net.iusky.yijiayou I/ChannelReaderUtil: getChannelByV2 , channel = null
2021-11-30 17:49:14.044 16159-16569/net.iusky.yijiayou I/System.out: APK : /data/app/~~Cgzhtf9xPD4OMHpAjNkimQ==/net.iusky.yijiayou-OYJWIvR9WoqaWNApiCa_PQ==/base.apk not have channel info from Zip Comment
2021-11-30 17:49:14.044 16159-16569/net.iusky.yijiayou I/ChannelReaderUtil: getChannelByV1 , channel = null
2021-11-30 17:49:14.044 16159-16562/net.iusky.yijiayou I/System.out: find V2 signature block Id : 1896449818
2021-11-30 17:49:14.045 16159-16562/net.iusky.yijiayou I/System.out: getByteBufferValueById , destApk /data/app/~~Cgzhtf9xPD4OMHpAjNkimQ==/net.iusky.yijiayou-OYJWIvR9WoqaWNApiCa_PQ==/base.apk IdValueMap = {1896449818=java.nio.HeapByteBuffer[pos=0 lim=795 cap=795], 1114793335=java.nio.HeapByteBuffer[pos=0 lim=3245 cap=3245]}
2021-11-30 17:49:14.045 16159-16562/net.iusky.yijiayou I/System.out: getByteValueById , id = -2012129793 , value = null
2021-11-30 17:49:14.045 16159-16159/net.iusky.yijiayou E/MyOkhttpUtils: (MyOkhttpUtils.java:394)埋点JSON->{"TU":"ffffffff-8fbc-4f62-8fbc-4f6200000000","OP":"Android11","PT":"MI 9 SE","CI":"ffffffff-8fbc-4f62-8fbc-4f6200000000","NT":"WIFI","VE":"1","BR":"Xiaomi","CT":"Android机","SE":"Android_AUUCAVVT_1638265744734","UI":"2122341589","RF":"https%3A%2F%2Fdev.ejiayou.com%2Fpages%2Fadver%2Findex.html%3Fuser_id%3D2122341589%26userId%3D2122341589%26latitude%3D22.4874%26longitude%3D113.922414%26oilId%3D1%26carType%3D5%26time%3D1638265754042%26car_type%3D5%26carType%3D5%26userId%3D2122341589%26user_id%3D2122341589%26latitude%3D22.4874%26longitude%3D113.922414","TAGCT":"Android","TM":"1638265754043","PO":"113.922414,22.4874"}
2021-11-30 17:49:14.046 16159-16562/net.iusky.yijiayou I/ChannelReaderUtil: getChannelByV2 , channel = null
2021-11-30 17:49:14.046 16159-16569/net.iusky.yijiayou E/MyOkhttpUtils: (MyOkhttpUtils.java:394)埋点JSON->{"TU":"ffffffff-8fbc-4f62-8fbc-4f6200000000","OP":"Android11","PT":"MI 9 SE","CI":"ffffffff-8fbc-4f62-8fbc-4f6200000000","NT":"WIFI","VE":"1","ET":"2","BR":"Xiaomi","SC":"https://dev.ejiayou.com/eapi/v2/app/other_interests/index","CT":"Android机","PA":"\u0026logLongitude\u003d113.922414\u0026logCityName\u003d深圳市\u0026latitude\u003d22.4874\u0026telephone\u003d15236183971\u0026userId\u003d2122341589\u0026version\u003d6.4.1\u0026versionId\u003d6.4.1\u0026logLatitude\u003d22.4874\u0026carType\u003d5\u0026user_id\u003d2122341589\u0026os_type\u003d2\u0026osType\u003d2\u0026versionBuild\u003d181\u0026longitude\u003d113.922414","SE":"Android_AUUCAVVT_1638265744734","UI":"2122341589","TAGCT":"Android","TM":"1638265754044","PO":"113.922414,22.4874"}
2021-11-30 17:49:14.048 16159-16562/net.iusky.yijiayou I/System.out: APK : /data/app/~~Cgzhtf9xPD4OMHpAjNkimQ==/net.iusky.yijiayou-OYJWIvR9WoqaWNApiCa_PQ==/base.apk not have channel info from Zip Comment
2021-11-30 17:49:14.048 16159-16562/net.iusky.yijiayou I/ChannelReaderUtil: getChannelByV1 , channel = null
2021-11-30 17:49:14.053 16159-16562/net.iusky.yijiayou E/MyOkhttpUtils: (MyOkhttpUtils.java:394)埋点JSON->{"TU":"ffffffff-8fbc-4f62-8fbc-4f6200000000","OP":"Android11","PT":"MI 9 SE","CI":"ffffffff-8fbc-4f62-8fbc-4f6200000000","NT":"WIFI","VE":"1","ET":"2","BR":"Xiaomi","SC":"https://dev.ejiayou.com/eapi/v2/app/seckill_ad_link?oilId\u003d1\u0026logLongitude\u003d113.922414\u0026logCityName\u003d%E6%B7%B1%E5%9C%B3%E5%B8%82\u0026latitude\u003d22.4874\u0026telephone\u003d15236183971\u0026userId\u003d2122341589\u0026version\u003d6.4.1\u0026versionId\u003d6.4.1\u0026logLatitude\u003d22.4874\u0026carType\u003d5\u0026user_id\u003d2122341589\u0026os_type\u003d2\u0026osType\u003d2\u0026versionBuild\u003d181\u0026longitude\u003d113.922414","CT":"Android机","PA":"\u0026oilId\u003d1\u0026logLongitude\u003d113.922414\u0026logCityName\u003d深圳市\u0026latitude\u003d22.4874\u0026telephone\u003d15236183971\u0026userId\u003d2122341589\u0026version\u003d6.4.1\u0026versionId\u003d6.4.1\u0026logLatitude\u003d22.4874\u0026carType\u003d5\u0026user_id\u003d2122341589\u0026os_type\u003d2\u0026osType\u003d2\u0026versionBuild\u003d181\u0026longitude\u003d113.922414","SE":"Android_AUUCAVVT_1638265744734","UI":"2122341589","TAGCT":"Android","TM":"1638265754049","PO":"113.922414,22.4874"}
2021-11-30 17:49:14.058 16159-16516/net.iusky.yijiayou W/.iusky.yijiayo: Accessing hidden method Landroid/media/AudioManager;->getOutputLatency(I)I (greylist, reflection, allowed)
2021-11-30 17:49:14.071 16159-16159/net.iusky.yijiayou E/MainPresenter: (MainPresenter.kt:283)获取用户身份成功200
2021-11-30 17:49:14.086 16159-16516/net.iusky.yijiayou W/cr_media: Requires BLUETOOTH permission
2021-11-30 17:49:14.221 16159-16159/net.iusky.yijiayou E/MyOkhttpUtils: (MyOkhttpUtils.java:394)埋点JSON->{"TU":"ffffffff-8fbc-4f62-8fbc-4f6200000000","OP":"Android11","PT":"MI 9 SE","CI":"ffffffff-8fbc-4f62-8fbc-4f6200000000","NT":"WIFI","VE":"1","BR":"Xiaomi","CT":"Android机","SE":"Android_AUUCAVVT_1638265744734","UI":"2122341589","RF":"https%3A%2F%2Fdev.ejiayou.com%2Fpages%2Fadver%2Findex.html%3Fuser_id%3D2122341589%26userId%3D2122341589%26latitude%3D22.4874%26longitude%3D113.922414%26oilId%3D1%26carType%3D5%26time%3D1638265754219%26car_type%3D5%26carType%3D5%26userId%3D2122341589%26user_id%3D2122341589%26latitude%3D22.4874%26longitude%3D113.922414","TAGCT":"Android","TM":"1638265754220","PO":"113.922414,22.4874"}
2021-11-30 17:49:14.484 16159-16617/net.iusky.yijiayou I/System.out: try to read channel info from apk : /data/app/~~Cgzhtf9xPD4OMHpAjNkimQ==/net.iusky.yijiayou-OYJWIvR9WoqaWNApiCa_PQ==/base.apk
2021-11-30 17:49:14.486 16159-16617/net.iusky.yijiayou I/System.out: find V2 signature block Id : 1896449818
2021-11-30 17:49:14.487 16159-16617/net.iusky.yijiayou I/System.out: getByteBufferValueById , destApk /data/app/~~Cgzhtf9xPD4OMHpAjNkimQ==/net.iusky.yijiayou-OYJWIvR9WoqaWNApiCa_PQ==/base.apk IdValueMap = {1896449818=java.nio.HeapByteBuffer[pos=0 lim=795 cap=795], 1114793335=java.nio.HeapByteBuffer[pos=0 lim=3245 cap=3245]}
2021-11-30 17:49:14.487 16159-16617/net.iusky.yijiayou I/System.out: getByteValueById , id = -2012129793 , value = null
2021-11-30 17:49:14.487 16159-16617/net.iusky.yijiayou I/ChannelReaderUtil: getChannelByV2 , channel = null
2021-11-30 17:49:14.488 16159-16617/net.iusky.yijiayou I/System.out: APK : /data/app/~~Cgzhtf9xPD4OMHpAjNkimQ==/net.iusky.yijiayou-OYJWIvR9WoqaWNApiCa_PQ==/base.apk not have channel info from Zip Comment
2021-11-30 17:49:14.488 16159-16617/net.iusky.yijiayou I/ChannelReaderUtil: getChannelByV1 , channel = null
2021-11-30 17:49:14.491 16159-16617/net.iusky.yijiayou E/MyOkhttpUtils: (MyOkhttpUtils.java:394)埋点JSON->{"TU":"ffffffff-8fbc-4f62-8fbc-4f6200000000","OP":"Android11","PT":"MI 9 SE","CI":"ffffffff-8fbc-4f62-8fbc-4f6200000000","NT":"WIFI","VE":"1","ET":"3","BR":"Xiaomi","SC":"android_page_recommend_index","CT":"Android机","EV":"click","SE":"Android_AUUCAVVT_1638265744734","UI":"2122341589","TAGCT":"Android","TM":"1638265754488","PO":"113.922414,22.4874"}
2021-11-30 17:49:14.628 16159-16159/net.iusky.yijiayou I/chromium: [INFO:CONSOLE(53)] "会话标识: wx5rRtaF3QZicsWB3546", source: https://img.ejiayou.com/activity/js/common/md.js (53)
2021-11-30 17:49:14.629 16159-16159/net.iusky.yijiayou I/chromium: [INFO:CONSOLE(112)] "_fLoadVue,[object Object],showRecommend,show_recommend_vue,_onclick,#tabId_2,recommend_dianji", source: https://img.ejiayou.com/activity/js/common/md.js (112)
2021-11-30 17:49:14.640 16159-16159/net.iusky.yijiayou I/chromium: [INFO:CONSOLE(1401)] "微信环境下城市==== 深圳市", source: https://dev.ejiayou.com/pages/adver/index.html?user_id=2122341589&userId=2122341589&latitude=22.4874&longitude=113.922414&oilId=1&carType=5&time=1638265754219&car_type=5&carType=5&userId=2122341589&user_id=2122341589&latitude=22.4874&longitude=113.922414 (1401)
2021-11-30 17:49:14.640 16159-16159/net.iusky.yijiayou I/chromium: [INFO:CONSOLE(591)] "POST,/eapi/v2/app/seckill_content_v2,true,,", source: https://img.ejiayou.com/activity/js/common/md.js (591)
2021-11-30 17:49:14.942 16159-16159/net.iusky.yijiayou I/chromium: [INFO:CONSOLE(591)] "POST,/eapi/v1/activity/common/getStations,true,,", source: https://img.ejiayou.com/activity/js/common/md.js (591)
2021-11-30 17:49:15.265 16159-16617/net.iusky.yijiayou E/BaseFragment: (BaseFragment.kt:572)jsHideWebView
2021-11-30 17:49:15.794 16159-16159/net.iusky.yijiayou E/KStationFragment: (KStationFragment.kt:166)mStationTopBarToTopDis=====>:817
2021-11-30 17:49:17.284 16159-16286/net.iusky.yijiayou I/crashsdk: crashsdk uploading logs
2021-11-30 17:49:38.924 16159-16159/net.iusky.yijiayou W/MirrorManager: this model don't Support
2021-11-30 17:49:38.959 16159-16562/net.iusky.yijiayou E/LoggingInterceptorUtils: (LoggingInterceptorUtils.java:37)LoggingInterceptor=====POST请求:https://dev.ejiayou.com/v1/oilgold/account/info
2021-11-30 17:49:38.959 16159-16562/net.iusky.yijiayou I/LoggingInterceptorUtils: (LoggingInterceptorUtils.java:96)LoggingInterceptor=====POST请求参数:{"logLongitude":"113.922414","logCityName":"深圳市","latitude":"22.4874","telephone":"15236183971","userId":"2122341589","version":"6.4.1","versionId":"6.4.1","logLatitude":"22.4874","carType":"5","user_id":"2122341589","os_type":"2","osType":"2","versionBuild":"181","longitude":"113.922414"}
2021-11-30 17:49:38.960 16159-16562/net.iusky.yijiayou I/LoggingInterceptorUtils: (LoggingInterceptorUtils.java:106)LoggingInterceptor=====POST请求参数 encode:&logLongitude=113.922414&logCityName=深圳市&latitude=22.4874&telephone=15236183971&userId=2122341589&version=6.4.1&versionId=6.4.1&logLatitude=22.4874&carType=5&user_id=2122341589&os_type=2&osType=2&versionBuild=181&longitude=113.922414
2021-11-30 17:49:38.960 16159-16562/net.iusky.yijiayou I/System.out: try to read channel info from apk : /data/app/~~Cgzhtf9xPD4OMHpAjNkimQ==/net.iusky.yijiayou-OYJWIvR9WoqaWNApiCa_PQ==/base.apk
2021-11-30 17:49:38.961 16159-16562/net.iusky.yijiayou I/System.out: find V2 signature block Id : 1896449818
2021-11-30 17:49:38.961 16159-16562/net.iusky.yijiayou I/System.out: getByteBufferValueById , destApk /data/app/~~Cgzhtf9xPD4OMHpAjNkimQ==/net.iusky.yijiayou-OYJWIvR9WoqaWNApiCa_PQ==/base.apk IdValueMap = {1896449818=java.nio.HeapByteBuffer[pos=0 lim=795 cap=795], 1114793335=java.nio.HeapByteBuffer[pos=0 lim=3245 cap=3245]}
2021-11-30 17:49:38.961 16159-16562/net.iusky.yijiayou I/System.out: getByteValueById , id = -2012129793 , value = null
2021-11-30 17:49:38.961 16159-16562/net.iusky.yijiayou I/ChannelReaderUtil: getChannelByV2 , channel = null
2021-11-30 17:49:38.962 16159-16562/net.iusky.yijiayou I/System.out: APK : /data/app/~~Cgzhtf9xPD4OMHpAjNkimQ==/net.iusky.yijiayou-OYJWIvR9WoqaWNApiCa_PQ==/base.apk not have channel info from Zip Comment
2021-11-30 17:49:38.962 16159-16562/net.iusky.yijiayou I/ChannelReaderUtil: getChannelByV1 , channel = null
2021-11-30 17:49:38.965 16159-16562/net.iusky.yijiayou E/MyOkhttpUtils: (MyOkhttpUtils.java:394)埋点JSON->{"TU":"ffffffff-8fbc-4f62-8fbc-4f6200000000","OP":"Android11","PT":"MI 9 SE","CI":"ffffffff-8fbc-4f62-8fbc-4f6200000000","NT":"WIFI","VE":"1","ET":"2","BR":"Xiaomi","SC":"https://dev.ejiayou.com/v1/oilgold/account/info","CT":"Android机","PA":"\u0026logLongitude\u003d113.922414\u0026logCityName\u003d深圳市\u0026latitude\u003d22.4874\u0026telephone\u003d15236183971\u0026userId\u003d2122341589\u0026version\u003d6.4.1\u0026versionId\u003d6.4.1\u0026logLatitude\u003d22.4874\u0026carType\u003d5\u0026user_id\u003d2122341589\u0026os_type\u003d2\u0026osType\u003d2\u0026versionBuild\u003d181\u0026longitude\u003d113.922414","SE":"Android_AUUCAVVT_1638265744734","UI":"2122341589","TAGCT":"Android","TM":"1638265778963","PO":"113.922414,22.4874"}
2021-11-30 17:49:38.978 16159-16159/net.iusky.yijiayou I/System.out: try to read channel info from apk : /data/app/~~Cgzhtf9xPD4OMHpAjNkimQ==/net.iusky.yijiayou-OYJWIvR9WoqaWNApiCa_PQ==/base.apk
2021-11-30 17:49:38.980 16159-16159/net.iusky.yijiayou I/System.out: find V2 signature block Id : 1896449818
2021-11-30 17:49:38.980 16159-16159/net.iusky.yijiayou I/System.out: getByteBufferValueById , destApk /data/app/~~Cgzhtf9xPD4OMHpAjNkimQ==/net.iusky.yijiayou-OYJWIvR9WoqaWNApiCa_PQ==/base.apk IdValueMap = {1896449818=java.nio.HeapByteBuffer[pos=0 lim=795 cap=795], 1114793335=java.nio.HeapByteBuffer[pos=0 lim=3245 cap=3245]}
2021-11-30 17:49:38.980 16159-16159/net.iusky.yijiayou I/System.out: getByteValueById , id = -2012129793 , value = null
2021-11-30 17:49:38.980 16159-16159/net.iusky.yijiayou I/ChannelReaderUtil: getChannelByV2 , channel = null
2021-11-30 17:49:38.981 16159-16159/net.iusky.yijiayou I/System.out: APK : /data/app/~~Cgzhtf9xPD4OMHpAjNkimQ==/net.iusky.yijiayou-OYJWIvR9WoqaWNApiCa_PQ==/base.apk not have channel info from Zip Comment
2021-11-30 17:49:38.981 16159-16159/net.iusky.yijiayou I/ChannelReaderUtil: getChannelByV1 , channel = null
2021-11-30 17:49:38.983 16159-16159/net.iusky.yijiayou E/MyOkhttpUtils: (MyOkhttpUtils.java:394)埋点JSON->{"TU":"ffffffff-8fbc-4f62-8fbc-4f6200000000","OP":"Android11","PT":"MI 9 SE","CI":"ffffffff-8fbc-4f62-8fbc-4f6200000000","NT":"WIFI","VE":"1","ET":"3","BR":"Xiaomi","CT":"Android机","EV":"click","SE":"Android_AUUCAVVT_1638265744734","UI":"2122341589","TAGCT":"Android","TM":"1638265778981","PO":"113.922414,22.4874"}
2021-11-30 17:49:42.790 16159-16159/net.iusky.yijiayou I/System.out: try to read channel info from apk : /data/app/~~Cgzhtf9xPD4OMHpAjNkimQ==/net.iusky.yijiayou-OYJWIvR9WoqaWNApiCa_PQ==/base.apk
2021-11-30 17:49:42.791 16159-16159/net.iusky.yijiayou I/System.out: find V2 signature block Id : 1896449818
2021-11-30 17:49:42.792 16159-16159/net.iusky.yijiayou I/System.out: getByteBufferValueById , destApk /data/app/~~Cgzhtf9xPD4OMHpAjNkimQ==/net.iusky.yijiayou-OYJWIvR9WoqaWNApiCa_PQ==/base.apk IdValueMap = {1896449818=java.nio.HeapByteBuffer[pos=0 lim=795 cap=795], 1114793335=java.nio.HeapByteBuffer[pos=0 lim=3245 cap=3245]}
2021-11-30 17:49:42.792 16159-16159/net.iusky.yijiayou I/System.out: getByteValueById , id = -2012129793 , value = null
2021-11-30 17:49:42.792 16159-16159/net.iusky.yijiayou I/ChannelReaderUtil: getChannelByV2 , channel = null
2021-11-30 17:49:42.792 16159-16159/net.iusky.yijiayou I/System.out: APK : /data/app/~~Cgzhtf9xPD4OMHpAjNkimQ==/net.iusky.yijiayou-OYJWIvR9WoqaWNApiCa_PQ==/base.apk not have channel info from Zip Comment
2021-11-30 17:49:42.793 16159-16159/net.iusky.yijiayou I/ChannelReaderUtil: getChannelByV1 , channel = null
2021-11-30 17:49:42.798 16159-16159/net.iusky.yijiayou E/MyOkhttpUtils: (MyOkhttpUtils.java:394)埋点JSON->{"TU":"ffffffff-8fbc-4f62-8fbc-4f6200000000","OP":"Android11","PT":"MI 9 SE","CI":"ffffffff-8fbc-4f62-8fbc-4f6200000000","NT":"WIFI","VE":"1","ET":"3","BR":"Xiaomi","SC":"android_page_my_index","CT":"Android机","EV":"click","SE":"Android_AUUCAVVT_1638265744734","UI":"2122341589","TAGCT":"Android","TM":"1638265782793","PO":"113.922414,22.4874"}
2021-11-30 17:49:42.932 16159-16159/net.iusky.yijiayou I/System.out: try to read channel info from apk : /data/app/~~Cgzhtf9xPD4OMHpAjNkimQ==/net.iusky.yijiayou-OYJWIvR9WoqaWNApiCa_PQ==/base.apk
2021-11-30 17:49:42.933 16159-16159/net.iusky.yijiayou I/System.out: find V2 signature block Id : 1896449818
2021-11-30 17:49:42.934 16159-16159/net.iusky.yijiayou I/System.out: getByteBufferValueById , destApk /data/app/~~Cgzhtf9xPD4OMHpAjNkimQ==/net.iusky.yijiayou-OYJWIvR9WoqaWNApiCa_PQ==/base.apk IdValueMap = {1896449818=java.nio.HeapByteBuffer[pos=0 lim=795 cap=795], 1114793335=java.nio.HeapByteBuffer[pos=0 lim=3245 cap=3245]}
2021-11-30 17:49:42.934 16159-16159/net.iusky.yijiayou I/System.out: getByteValueById , id = -2012129793 , value = null
2021-11-30 17:49:42.934 16159-16159/net.iusky.yijiayou I/ChannelReaderUtil: getChannelByV2 , channel = null
2021-11-30 17:49:42.934 16159-16159/net.iusky.yijiayou I/System.out: APK : /data/app/~~Cgzhtf9xPD4OMHpAjNkimQ==/net.iusky.yijiayou-OYJWIvR9WoqaWNApiCa_PQ==/base.apk not have channel info from Zip Comment
2021-11-30 17:49:42.934 16159-16159/net.iusky.yijiayou I/ChannelReaderUtil: getChannelByV1 , channel = null
2021-11-30 17:49:42.936 16159-16159/net.iusky.yijiayou E/MyOkhttpUtils: (MyOkhttpUtils.java:394)埋点JSON->{"TU":"ffffffff-8fbc-4f62-8fbc-4f6200000000","OP":"Android11","PT":"MI 9 SE","CI":"ffffffff-8fbc-4f62-8fbc-4f6200000000","NT":"WIFI","VE":"1","ET":"3","BR":"Xiaomi","SC":"android_my_browse","CT":"Android机","EV":"click","SE":"Android_AUUCAVVT_1638265744734","UI":"2122341589","TAGCT":"Android","TM":"1638265782934","PO":"113.922414,22.4874"}
2021-11-30 17:49:42.938 16159-16159/net.iusky.yijiayou E/MyFragment: (MyFragment.kt:126)get signature:3082019930820102a00302010202044efbf900300d06092a864886f70d01010505003011310f300d0603550403130663616962696e301e170d3131313232393035323230385a170d3336313232323035323230385a3011310f300d0603550403130663616962696e30819f300d06092a864886f70d010101050003818d0030818902818100a8063b23286426de435a3a8767b514de6ddf5e5cacaf1879df971bc68516bd020da5b71f088adffde9011b2d96ae33e74248d50e8ee58b6b24b643df755207d845d3933a1fc27a43b849664ddf7cee40eb56469452a88a6bd1562028fdc0a70ead33b77c7b0875a66be4c673580777e8e7de04d43443775ea49910b53b15213d0203010001300d06092a864886f70d01010505000381810017ff6d5765f8b6dff4fd29fd21a8dcd7172579f5428edd9d8143dbba42bcecd56ebf691f293568e8d86baf4455049ed51457586b2734c572efdecf0bd45651178d3aec17cc0d668a0cf68a8f3b558cdd15d36b2f939e9a04216295266defe2cca0e8e5074137c6bc0aad57f30e21042c9eb55588c132a762123609b3d2767f53
2021-11-30 17:49:42.974 16159-16562/net.iusky.yijiayou I/System.out: try to read channel info from apk : /data/app/~~Cgzhtf9xPD4OMHpAjNkimQ==/net.iusky.yijiayou-OYJWIvR9WoqaWNApiCa_PQ==/base.apk
2021-11-30 17:49:42.975 16159-16562/net.iusky.yijiayou I/System.out: find V2 signature block Id : 1896449818
2021-11-30 17:49:42.975 16159-16562/net.iusky.yijiayou I/System.out: getByteBufferValueById , destApk /data/app/~~Cgzhtf9xPD4OMHpAjNkimQ==/net.iusky.yijiayou-OYJWIvR9WoqaWNApiCa_PQ==/base.apk IdValueMap = {1896449818=java.nio.HeapByteBuffer[pos=0 lim=795 cap=795], 1114793335=java.nio.HeapByteBuffer[pos=0 lim=3245 cap=3245]}
2021-11-30 17:49:42.975 16159-16562/net.iusky.yijiayou I/System.out: getByteValueById , id = -2012129793 , value = null
2021-11-30 17:49:42.975 16159-16562/net.iusky.yijiayou I/ChannelReaderUtil: getChannelByV2 , channel = null
2021-11-30 17:49:42.976 16159-16562/net.iusky.yijiayou I/System.out: APK : /data/app/~~Cgzhtf9xPD4OMHpAjNkimQ==/net.iusky.yijiayou-OYJWIvR9WoqaWNApiCa_PQ==/base.apk not have channel info from Zip Comment
2021-11-30 17:49:42.976 16159-16562/net.iusky.yijiayou I/ChannelReaderUtil: getChannelByV1 , channel = null
2021-11-30 17:49:42.979 16159-16564/net.iusky.yijiayou I/System.out: try to read channel info from apk : /data/app/~~Cgzhtf9xPD4OMHpAjNkimQ==/net.iusky.yijiayou-OYJWIvR9WoqaWNApiCa_PQ==/base.apk
2021-11-30 17:49:42.979 16159-16562/net.iusky.yijiayou E/MyOkhttpUtils: (MyOkhttpUtils.java:394)埋点JSON->{"TU":"ffffffff-8fbc-4f62-8fbc-4f6200000000","OP":"Android11","PT":"MI 9 SE","CI":"ffffffff-8fbc-4f62-8fbc-4f6200000000","NT":"WIFI","VE":"1","ET":"2","BR":"Xiaomi","SC":"https://dev.ejiayou.com/eapi/v2/app/mine/ad_v_632?logLongitude\u003d113.922414\u0026logCityName\u003d%E6%B7%B1%E5%9C%B3%E5%B8%82\u0026latitude\u003d22.4874\u0026telephone\u003d15236183971\u0026userId\u003d2122341589\u0026version\u003d6.4.1\u0026versionId\u003d6.4.1\u0026logLatitude\u003d22.4874\u0026carType\u003d5\u0026cityName\u003d%E6%B7%B1%E5%9C%B3%E5%B8%82\u0026user_id\u003d2122341589\u0026os_type\u003d2\u0026osType\u003d2\u0026versionBuild\u003d181\u0026longitude\u003d113.922414","CT":"Android机","PA":"\u0026logLongitude\u003d113.922414\u0026logCityName\u003d深圳市\u0026latitude\u003d22.4874\u0026telephone\u003d15236183971\u0026userId\u003d2122341589\u0026version\u003d6.4.1\u0026versionId\u003d6.4.1\u0026logLatitude\u003d22.4874\u0026carType\u003d5\u0026cityName\u003d深圳市\u0026user_id\u003d2122341589\u0026os_type\u003d2\u0026osType\u003d2\u0026versionBuild\u003d181\u0026longitude\u003d113.922414","SE":"Android_AUUCAVVT_1638265744734","UI":"2122341589","TAGCT":"Android","TM":"1638265782976","PO":"113.922414,22.4874"}
2021-11-30 17:49:42.981 16159-16564/net.iusky.yijiayou I/System.out: find V2 signature block Id : 1896449818
2021-11-30 17:49:42.981 16159-16564/net.iusky.yijiayou I/System.out: getByteBufferValueById , destApk /data/app/~~Cgzhtf9xPD4OMHpAjNkimQ==/net.iusky.yijiayou-OYJWIvR9WoqaWNApiCa_PQ==/base.apk IdValueMap = {1896449818=java.nio.HeapByteBuffer[pos=0 lim=795 cap=795], 1114793335=java.nio.HeapByteBuffer[pos=0 lim=3245 cap=3245]}
2021-11-30 17:49:42.981 16159-16564/net.iusky.yijiayou I/System.out: getByteValueById , id = -2012129793 , value = null
2021-11-30 17:49:42.981 16159-16564/net.iusky.yijiayou I/ChannelReaderUtil: getChannelByV2 , channel = null
2021-11-30 17:49:42.981 16159-16564/net.iusky.yijiayou I/System.out: APK : /data/app/~~Cgzhtf9xPD4OMHpAjNkimQ==/net.iusky.yijiayou-OYJWIvR9WoqaWNApiCa_PQ==/base.apk not have channel info from Zip Comment
2021-11-30 17:49:42.981 16159-16564/net.iusky.yijiayou I/ChannelReaderUtil: getChannelByV1 , channel = null
2021-11-30 17:49:42.984 16159-16564/net.iusky.yijiayou E/MyOkhttpUtils: (MyOkhttpUtils.java:394)埋点JSON->{"TU":"ffffffff-8fbc-4f62-8fbc-4f6200000000","OP":"Android11","PT":"MI 9 SE","CI":"ffffffff-8fbc-4f62-8fbc-4f6200000000","NT":"WIFI","VE":"1","ET":"2","BR":"Xiaomi","SC":"https://dev.ejiayou.com/eapi/v1/activity/eplus/get_eplus_ad?logLongitude\u003d113.922414\u0026logCityName\u003d%E6%B7%B1%E5%9C%B3%E5%B8%82\u0026latitude\u003d22.4874\u0026telephone\u003d15236183971\u0026userId\u003d2122341589\u0026version\u003d6.4.1\u0026versionId\u003d6.4.1\u0026logLatitude\u003d22.4874\u0026carType\u003d5\u0026cityName\u003d%E6%B7%B1%E5%9C%B3%E5%B8%82\u0026user_id\u003d2122341589\u0026os_type\u003d2\u0026osType\u003d2\u0026versionBuild\u003d181\u0026longitude\u003d113.922414","CT":"Android机","PA":"\u0026logLongitude\u003d113.922414\u0026logCityName\u003d深圳市\u0026latitude\u003d22.4874\u0026telephone\u003d15236183971\u0026userId\u003d2122341589\u0026version\u003d6.4.1\u0026versionId\u003d6.4.1\u0026logLatitude\u003d22.4874\u0026carType\u003d5\u0026cityName\u003d深圳市\u0026user_id\u003d2122341589\u0026os_type\u003d2\u0026osType\u003d2\u0026versionBuild\u003d181\u0026longitude\u003d113.922414","SE":"Android_AUUCAVVT_1638265744734","UI":"2122341589","TAGCT":"Android","TM":"1638265782982","PO":"113.922414,22.4874"}
2021-11-30 17:49:43.007 16159-16175/net.iusky.yijiayou W/System: A resource failed to call close.
2021-11-30 17:49:43.009 16159-16175/net.iusky.yijiayou I/chatty: uid=10942(net.iusky.yijiayou) FinalizerDaemon identical 5 lines
2021-11-30 17:49:43.009 16159-16175/net.iusky.yijiayou W/System: A resource failed to call close.
2021-11-30 17:49:43.130 16159-16159/net.iusky.yijiayou I/MyPresenter: (MyPresenter.kt:198){"data":{"discount_num":4,"end_date":"2021-11-29","eplus_link":"https://dev.ejiayou.com/pages/activity_pay/eplus.html?user_id\u003d2122341589","expire_state":1,"max_reduce_money":"1680","open_type":1},"status":200,"success":true,"tip":"请求成功"}
2021-11-30 17:49:43.150 16159-16159/net.iusky.yijiayou W/.iusky.yijiayo: Accessing hidden field Landroid/widget/ImageView;->mMaxWidth:I (greylist-max-p, reflection, allowed)
2021-11-30 17:49:43.151 16159-16159/net.iusky.yijiayou W/.iusky.yijiayo: Accessing hidden field Landroid/widget/ImageView;->mMaxHeight:I (greylist-max-p, reflection, allowed)
2021-11-30 17:49:43.403 16159-16159/net.iusky.yijiayou E/MyPresenter: (MyPresenter.kt:41)获取用户身份成功200
2021-11-30 17:49:45.974 16159-16159/net.iusky.yijiayou I/System.out: try to read channel info from apk : /data/app/~~Cgzhtf9xPD4OMHpAjNkimQ==/net.iusky.yijiayou-OYJWIvR9WoqaWNApiCa_PQ==/base.apk
2021-11-30 17:49:45.980 16159-16159/net.iusky.yijiayou I/System.out: find V2 signature block Id : 1896449818
2021-11-30 17:49:45.981 16159-16159/net.iusky.yijiayou I/System.out: getByteBufferValueById , destApk /data/app/~~Cgzhtf9xPD4OMHpAjNkimQ==/net.iusky.yijiayou-OYJWIvR9WoqaWNApiCa_PQ==/base.apk IdValueMap = {1896449818=java.nio.HeapByteBuffer[pos=0 lim=795 cap=795], 1114793335=java.nio.HeapByteBuffer[pos=0 lim=3245 cap=3245]}
2021-11-30 17:49:45.981 16159-16159/net.iusky.yijiayou I/System.out: getByteValueById , id = -2012129793 , value = null
2021-11-30 17:49:45.982 16159-16159/net.iusky.yijiayou I/ChannelReaderUtil: getChannelByV2 , channel = null
2021-11-30 17:49:45.983 16159-16159/net.iusky.yijiayou I/System.out: APK : /data/app/~~Cgzhtf9xPD4OMHpAjNkimQ==/net.iusky.yijiayou-OYJWIvR9WoqaWNApiCa_PQ==/base.apk not have channel info from Zip Comment
2021-11-30 17:49:45.984 16159-16159/net.iusky.yijiayou I/ChannelReaderUtil: getChannelByV1 , channel = null
2021-11-30 17:49:45.989 16159-16159/net.iusky.yijiayou E/MyOkhttpUtils: (MyOkhttpUtils.java:394)埋点JSON->{"TU":"ffffffff-8fbc-4f62-8fbc-4f6200000000","OP":"Android11","PT":"MI 9 SE","CI":"ffffffff-8fbc-4f62-8fbc-4f6200000000","NT":"WIFI","VE":"1","ET":"3","BR":"Xiaomi","SC":"android_my_set_index","CT":"Android机","EV":"click","SE":"Android_AUUCAVVT_1638265744734","UI":"2122341589","TAGCT":"Android","TM":"1638265785984","PO":"113.922414,22.4874"}
2021-11-30 17:49:45.995 16159-16159/net.iusky.yijiayou I/Timeline: Timeline: Activity_launch_request time:1111571033
2021-11-30 17:49:46.036 16159-16159/net.iusky.yijiayou D/CrashReport: >>> net.iusky.yijiayou.ktactivity.KMainActivity onPaused <<<
2021-11-30 17:49:46.038 16159-16159/net.iusky.yijiayou I/CrashReport: Set native info: isAppForeground(false)
2021-11-30 17:49:46.078 16159-16159/net.iusky.yijiayou D/AndroidAutoSize: com.idlefish.flutterboost.containers.FlutterBoostActivity used the global configuration.
2021-11-30 17:49:46.078 16159-16159/net.iusky.yijiayou D/AndroidAutoSize: The com.idlefish.flutterboost.containers.FlutterBoostActivity has been adapted!
    FlutterBoostActivity Info: isBaseOnWidth = true, designWidthInDp = 375.000000, designWidthInSubunits = 375.000000, targetDensity = 2.880000, targetScaledDensity = 2.880000, targetDensityDpi = 460, targetXdpi = 2.880000, targetScreenWidthDp = 375, targetScreenHeightDp = 739
2021-11-30 17:49:46.079 16159-16159/net.iusky.yijiayou D/CrashReport: >>> com.idlefish.flutterboost.containers.FlutterBoostActivity onCreated <<<
2021-11-30 17:49:46.079 16159-16281/net.iusky.yijiayou W/SQLiteLog: (28) double-quoted string literal: "
2021-11-30 17:49:46.079 16159-16281/net.iusky.yijiayou W/SQLiteLog: (28) double-quoted string literal: "6448F2C8E7897F46A5BABD8F18F08F81"
2021-11-30 17:49:46.080 16159-16365/net.iusky.yijiayou D/ViewContentFactory: initViewContentFetcherClass
2021-11-30 17:49:46.080 16159-16365/net.iusky.yijiayou I/ContentCatcher: ViewContentFetcher : ViewContentFetcher
2021-11-30 17:49:46.080 16159-16365/net.iusky.yijiayou D/ViewContentFactory: createInterceptor took 0ms
2021-11-30 17:49:46.082 16159-16159/net.iusky.yijiayou W/FlutterEngineCxnRegstry: Attempted to register plugin (io.flutter.plugins.connectivity.ConnectivityPlugin@c8a0aae) but it was already registered with this FlutterEngine (io.flutter.embedding.engine.FlutterEngine@69bc04f).
2021-11-30 17:49:46.083 16159-16159/net.iusky.yijiayou W/FlutterEngineCxnRegstry: Attempted to register plugin (io.flutter.plugins.deviceinfo.DeviceInfoPlugin@10323dc) but it was already registered with this FlutterEngine (io.flutter.embedding.engine.FlutterEngine@69bc04f).
2021-11-30 17:49:46.083 16159-16159/net.iusky.yijiayou W/FlutterEngineCxnRegstry: Attempted to register plugin (com.idlefish.flutterboost.FlutterBoostPlugin@b6b7ce5) but it was already registered with this FlutterEngine (io.flutter.embedding.engine.FlutterEngine@69bc04f).
2021-11-30 17:49:46.083 16159-16159/net.iusky.yijiayou W/FlutterEngineCxnRegstry: Attempted to register plugin (io.flutter.plugins.flutter_plugin_android_lifecycle.FlutterAndroidLifecyclePlugin@af023ba) but it was already registered with this FlutterEngine (io.flutter.embedding.engine.FlutterEngine@69bc04f).
2021-11-30 17:49:46.083 16159-16159/net.iusky.yijiayou W/FlutterEngineCxnRegstry: Attempted to register plugin (io.github.ponnamkarthik.toast.fluttertoast.FlutterToastPlugin@efe126b) but it was already registered with this FlutterEngine (io.flutter.embedding.engine.FlutterEngine@69bc04f).
2021-11-30 17:49:46.083 16159-16159/net.iusky.yijiayou W/FlutterEngineCxnRegstry: Attempted to register plugin (vn.hunghd.flutter.plugins.imagecropper.ImageCropperPlugin@58ca1c8) but it was already registered with this FlutterEngine (io.flutter.embedding.engine.FlutterEngine@69bc04f).
2021-11-30 17:49:46.083 16159-16159/net.iusky.yijiayou W/FlutterEngineCxnRegstry: Attempted to register plugin (com.example.imagegallerysaver.ImageGallerySaverPlugin@edc0261) but it was already registered with this FlutterEngine (io.flutter.embedding.engine.FlutterEngine@69bc04f).
2021-11-30 17:49:46.083 16159-16159/net.iusky.yijiayou W/FlutterEngineCxnRegstry: Attempted to register plugin (io.flutter.plugins.imagepicker.ImagePickerPlugin@46cc186) but it was already registered with this FlutterEngine (io.flutter.embedding.engine.FlutterEngine@69bc04f).
