2021-11-30 17:49:46.083 16159-16159/net.iusky.yijiayou W/FlutterEngineCxnRegstry: Attempted to register plugin (io.flutter.plugins.packageinfo.PackageInfoPlugin@8e96a47) but it was already registered with this FlutterEngine (io.flutter.embedding.engine.FlutterEngine@69bc04f).
2021-11-30 17:49:46.083 16159-16159/net.iusky.yijiayou W/FlutterEngineCxnRegstry: Attempted to register plugin (io.flutter.plugins.pathprovider.PathProviderPlugin@3ae1274) but it was already registered with this FlutterEngine (io.flutter.embedding.engine.FlutterEngine@69bc04f).
2021-11-30 17:49:46.083 16159-16159/net.iusky.yijiayou W/FlutterEngineCxnRegstry: Attempted to register plugin (com.baseflow.permissionhandler.PermissionHandlerPlugin@475639d) but it was already registered with this FlutterEngine (io.flutter.embedding.engine.FlutterEngine@69bc04f).
2021-11-30 17:49:46.083 16159-16159/net.iusky.yijiayou W/FlutterEngineCxnRegstry: Attempted to register plugin (io.flutter.plugins.sharedpreferences.SharedPreferencesPlugin@2c37012) but it was already registered with this FlutterEngine (io.flutter.embedding.engine.FlutterEngine@69bc04f).
2021-11-30 17:49:46.083 16159-16159/net.iusky.yijiayou W/FlutterEngineCxnRegstry: Attempted to register plugin (com.tekartik.sqflite.SqflitePlugin@94863e3) but it was already registered with this FlutterEngine (io.flutter.embedding.engine.FlutterEngine@69bc04f).
2021-11-30 17:49:46.083 16159-16159/net.iusky.yijiayou W/FlutterEngineCxnRegstry: Attempted to register plugin (io.flutter.plugins.urllauncher.UrlLauncherPlugin@6d3e1e0) but it was already registered with this FlutterEngine (io.flutter.embedding.engine.FlutterEngine@69bc04f).
2021-11-30 17:49:46.083 16159-16159/net.iusky.yijiayou W/FlutterEngineCxnRegstry: Attempted to register plugin (io.flutter.plugins.webviewflutter.WebViewFlutterPlugin@a499c99) but it was already registered with this FlutterEngine (io.flutter.embedding.engine.FlutterEngine@69bc04f).
2021-11-30 17:49:46.105 16159-16159/net.iusky.yijiayou W/.iusky.yijiayo: Accessing hidden method Landroid/view/accessibility/AccessibilityNodeInfo;->getSourceNodeId()J (greylist,test-api, reflection, allowed)
2021-11-30 17:49:46.105 16159-16159/net.iusky.yijiayou W/.iusky.yijiayo: Accessing hidden method Landroid/view/accessibility/AccessibilityRecord;->getSourceNodeId()J (greylist, reflection, allowed)
2021-11-30 17:49:46.105 16159-16159/net.iusky.yijiayou W/.iusky.yijiayo: Accessing hidden field Landroid/view/accessibility/AccessibilityNodeInfo;->mChildNodeIds:Landroid/util/LongArray; (greylist, reflection, allowed)
2021-11-30 17:49:46.105 16159-16159/net.iusky.yijiayou W/.iusky.yijiayo: Accessing hidden method Landroid/util/LongArray;->get(I)J (greylist, reflection, allowed)
2021-11-30 17:49:46.121 16159-16159/net.iusky.yijiayou V/FlutterBoostPlugin: #onContainerCreated: 2c677940-8ca6-4a6b-87ce-ffdd5dfc99f7_mine/setting
2021-11-30 17:49:46.126 16159-16159/net.iusky.yijiayou D/AndroidAutoSize: com.idlefish.flutterboost.containers.FlutterBoostActivity used the global configuration.
2021-11-30 17:49:46.127 16159-16159/net.iusky.yijiayou D/AndroidAutoSize: The com.idlefish.flutterboost.containers.FlutterBoostActivity has been adapted!
    FlutterBoostActivity Info: isBaseOnWidth = true, designWidthInDp = 375.000000, designWidthInSubunits = 375.000000, targetDensity = 2.880000, targetScaledDensity = 2.880000, targetDensityDpi = 460, targetXdpi = 2.880000, targetScreenWidthDp = 375, targetScreenHeightDp = 739
2021-11-30 17:49:46.127 16159-16159/net.iusky.yijiayou I/crashsdk: Unexp log not enabled, skip update unexp info!
2021-11-30 17:49:46.129 16159-16159/net.iusky.yijiayou D/CrashReport: >>> com.idlefish.flutterboost.containers.FlutterBoostActivity onResumed <<<
2021-11-30 17:49:46.130 16159-16159/net.iusky.yijiayou I/CrashReport: Set native info: isAppForeground(true)
2021-11-30 17:49:46.132 16159-16159/net.iusky.yijiayou I/SampleApplicationLike: (SampleApplicationLike.java:221)onActivityResumed:FlutterBoostActivity
2021-11-30 17:49:46.132 16159-16159/net.iusky.yijiayou I/System.out: try to read channel info from apk : /data/app/~~Cgzhtf9xPD4OMHpAjNkimQ==/net.iusky.yijiayou-OYJWIvR9WoqaWNApiCa_PQ==/base.apk
2021-11-30 17:49:46.133 16159-16159/net.iusky.yijiayou I/System.out: find V2 signature block Id : 1896449818
2021-11-30 17:49:46.133 16159-16159/net.iusky.yijiayou I/System.out: getByteBufferValueById , destApk /data/app/~~Cgzhtf9xPD4OMHpAjNkimQ==/net.iusky.yijiayou-OYJWIvR9WoqaWNApiCa_PQ==/base.apk IdValueMap = {1896449818=java.nio.HeapByteBuffer[pos=0 lim=795 cap=795], 1114793335=java.nio.HeapByteBuffer[pos=0 lim=3245 cap=3245]}
2021-11-30 17:49:46.133 16159-16159/net.iusky.yijiayou I/System.out: getByteValueById , id = -2012129793 , value = null
2021-11-30 17:49:46.133 16159-16159/net.iusky.yijiayou I/ChannelReaderUtil: getChannelByV2 , channel = null
2021-11-30 17:49:46.133 16159-16159/net.iusky.yijiayou I/System.out: APK : /data/app/~~Cgzhtf9xPD4OMHpAjNkimQ==/net.iusky.yijiayou-OYJWIvR9WoqaWNApiCa_PQ==/base.apk not have channel info from Zip Comment
2021-11-30 17:49:46.133 16159-16159/net.iusky.yijiayou I/ChannelReaderUtil: getChannelByV1 , channel = null
2021-11-30 17:49:46.135 16159-16159/net.iusky.yijiayou E/MyOkhttpUtils: (MyOkhttpUtils.java:394)埋点JSON->{"TU":"ffffffff-8fbc-4f62-8fbc-4f6200000000","OP":"Android11","PT":"MI 9 SE","CI":"ffffffff-8fbc-4f62-8fbc-4f6200000000","NT":"WIFI","VE":"1","ET":"1","BR":"Xiaomi","SC":"FlutterBoostActivity","CT":"Android机","SE":"Android_AUUCAVVT_1638265744734","UI":"2122341589","RF":"KMainActivity","TAGCT":"Android","TM":"1638265786133","PO":"113.922414,22.4874"}
2021-11-30 17:49:46.144 16159-16281/net.iusky.yijiayou D/MobclickAgent: 延续上一个会话: 6448F2C8E7897F46A5BABD8F18F08F81
2021-11-30 17:49:46.152 16159-16159/net.iusky.yijiayou V/FlutterBoostPlugin: ## onContainerShow: 2c677940-8ca6-4a6b-87ce-ffdd5dfc99f7_mine/setting
2021-11-30 17:49:46.152 16159-16281/net.iusky.yijiayou W/SQLiteLog: (28) double-quoted string literal: "6448F2C8E7897F46A5BABD8F18F08F81"
2021-11-30 17:49:46.152 16159-16281/net.iusky.yijiayou W/SQLiteLog: (28) double-quoted string literal: ""
2021-11-30 17:49:46.153 16159-16281/net.iusky.yijiayou W/SQLiteLog: (28) double-quoted string literal: "6448F2C8E7897F46A5BABD8F18F08F81"
2021-11-30 17:49:46.153 16159-16281/net.iusky.yijiayou W/SQLiteLog: (28) double-quoted string literal: "-1"
2021-11-30 17:49:46.154 16159-16281/net.iusky.yijiayou D/UMLog: 当前发送策略为：启动时发送。详见链接 https://developer.umeng.com/docs/66632/detail/66976?um_channel=sdk
2021-11-30 17:49:52.025 16159-16159/net.iusky.yijiayou W/Choreographer: Frame time is 0.021229 ms in the future!  Check that graphics HAL is generating vsync timestamps using the correct timebase.
2021-11-30 17:49:58.336 16159-16159/net.iusky.yijiayou D/MIUIInput: [KeyEvent] ViewRootImpl KeyEvent { action=ACTION_DOWN, keyCode=KEYCODE_BACK, scanCode=0, metaState=0, flags=0x8, repeatCount=0, eventTime=1111583363, downTime=1111583363, deviceId=-1, source=0x101, displayId=0 }
2021-11-30 17:49:58.349 16159-16159/net.iusky.yijiayou D/MIUIInput: [KeyEvent] ViewRootImpl KeyEvent { action=ACTION_UP, keyCode=KEYCODE_BACK, scanCode=0, metaState=0, flags=0x8, repeatCount=0, eventTime=1111583363, downTime=1111583363, deviceId=-1, source=0x101, displayId=0 }
2021-11-30 17:50:02.506 16159-16159/net.iusky.yijiayou D/CrashReport: >>> com.idlefish.flutterboost.containers.FlutterBoostActivity onPaused <<<
2021-11-30 17:50:02.509 16159-16159/net.iusky.yijiayou I/CrashReport: Set native info: isAppForeground(false)
2021-11-30 17:50:02.543 16159-16159/net.iusky.yijiayou V/FlutterBoostPlugin: ## onContainerHide: 2c677940-8ca6-4a6b-87ce-ffdd5dfc99f7_mine/setting
2021-11-30 17:50:02.555 16159-16281/net.iusky.yijiayou W/SQLiteLog: (28) double-quoted string literal: "
2021-11-30 17:50:02.555 16159-16281/net.iusky.yijiayou W/SQLiteLog: (28) double-quoted string literal: "6448F2C8E7897F46A5BABD8F18F08F81"
2021-11-30 17:50:02.603 16159-16159/net.iusky.yijiayou W/Sketch: Trim of memory, level= UI_HIDDEN
2021-11-30 17:50:02.605 16159-16159/net.iusky.yijiayou W/Sketch: LruMemoryCache. trimMemory. level=UI_HIDDEN, released: 0 B
2021-11-30 17:50:02.606 16159-16159/net.iusky.yijiayou W/Sketch: LruBitmapPool. trimMemory. level=UI_HIDDEN, released: 0 B
2021-11-30 17:50:02.606 16159-16159/net.iusky.yijiayou D/Tinker.DefaultAppLike: onTrimMemory level:20
2021-11-30 17:50:02.695 16159-16159/net.iusky.yijiayou D/JIGUANG-JCore: [JCoreHelper] runActionWithService action:change_foreground_dy
2021-11-30 17:50:02.699 16159-16159/net.iusky.yijiayou D/JIGUANG-JCore: [JCoreHelper] runActionWithService action:change_foreground
2021-11-30 17:50:02.708 16159-16159/net.iusky.yijiayou V/FlutterBoostPlugin: ## onBackground: com.idlefish.flutterboost.Messages$FlutterRouterApi@711db19
2021-11-30 17:50:02.934 16159-16159/net.iusky.yijiayou D/AndroidAutoSize: net.iusky.yijiayou.ktactivity.KMainActivity used the global configuration.
2021-11-30 17:50:02.934 16159-16159/net.iusky.yijiayou D/AndroidAutoSize: The net.iusky.yijiayou.ktactivity.KMainActivity has been adapted!
    KMainActivity Info: isBaseOnWidth = true, designWidthInDp = 375.000000, designWidthInSubunits = 375.000000, targetDensity = 2.880000, targetScaledDensity = 2.880000, targetDensityDpi = 460, targetXdpi = 2.880000, targetScreenWidthDp = 375, targetScreenHeightDp = 739
2021-11-30 17:50:02.936 16159-16159/net.iusky.yijiayou D/JIGUANG-JCore: [JCoreHelper] runActionWithService action:notification_state
2021-11-30 17:50:02.937 16159-16159/net.iusky.yijiayou D/JIGUANG-JCore: [JCoreHelper] runActionWithService action:change_foreground_dy
2021-11-30 17:50:02.938 16159-16159/net.iusky.yijiayou D/JIGUANG-JCore: [JCoreHelper] runActionWithService action:change_foreground
2021-11-30 17:50:02.945 16159-16159/net.iusky.yijiayou I/crashsdk: Unexp log not enabled, skip update unexp info!
2021-11-30 17:50:02.945 16159-16159/net.iusky.yijiayou V/FlutterBoostPlugin: ## onForeground: com.idlefish.flutterboost.Messages$FlutterRouterApi@711db19
2021-11-30 17:50:02.955 16159-16159/net.iusky.yijiayou D/AndroidAutoSize: com.idlefish.flutterboost.containers.FlutterBoostActivity used the global configuration.
2021-11-30 17:50:02.957 16159-16159/net.iusky.yijiayou D/AndroidAutoSize: The com.idlefish.flutterboost.containers.FlutterBoostActivity has been adapted!
    FlutterBoostActivity Info: isBaseOnWidth = true, designWidthInDp = 375.000000, designWidthInSubunits = 375.000000, targetDensity = 2.880000, targetScaledDensity = 2.880000, targetDensityDpi = 460, targetXdpi = 2.880000, targetScreenWidthDp = 375, targetScreenHeightDp = 739
2021-11-30 17:50:02.959 16159-16159/net.iusky.yijiayou D/CrashReport: >>> com.idlefish.flutterboost.containers.FlutterBoostActivity onResumed <<<
2021-11-30 17:50:02.960 16159-16159/net.iusky.yijiayou I/CrashReport: Set native info: isAppForeground(true)
2021-11-30 17:50:02.965 16159-16159/net.iusky.yijiayou V/FlutterBoostPlugin: ## onContainerShow: 2c677940-8ca6-4a6b-87ce-ffdd5dfc99f7_mine/setting
2021-11-30 17:50:02.985 16159-16281/net.iusky.yijiayou D/MobclickAgent: 延续上一个会话: 6448F2C8E7897F46A5BABD8F18F08F81
2021-11-30 17:50:02.991 16159-16281/net.iusky.yijiayou W/SQLiteLog: (28) double-quoted string literal: "6448F2C8E7897F46A5BABD8F18F08F81"
2021-11-30 17:50:02.991 16159-16281/net.iusky.yijiayou W/SQLiteLog: (28) double-quoted string literal: ""
2021-11-30 17:50:02.992 16159-16281/net.iusky.yijiayou W/SQLiteLog: (28) double-quoted string literal: "6448F2C8E7897F46A5BABD8F18F08F81"
2021-11-30 17:50:02.992 16159-16281/net.iusky.yijiayou W/SQLiteLog: (28) double-quoted string literal: "-1"
2021-11-30 17:50:02.993 16159-16281/net.iusky.yijiayou D/UMLog: 当前发送策略为：启动时发送。详见链接 https://developer.umeng.com/docs/66632/detail/66976?um_channel=sdk
2021-11-30 17:50:03.999 16159-16159/net.iusky.yijiayou D/MIUIInput: [KeyEvent] ViewRootImpl KeyEvent { action=ACTION_DOWN, keyCode=KEYCODE_BACK, scanCode=0, metaState=0, flags=0x8, repeatCount=0, eventTime=1111589032, downTime=1111589032, deviceId=-1, source=0x101, displayId=0 }
2021-11-30 17:50:04.006 16159-16159/net.iusky.yijiayou D/MIUIInput: [KeyEvent] ViewRootImpl KeyEvent { action=ACTION_UP, keyCode=KEYCODE_BACK, scanCode=0, metaState=0, flags=0x8, repeatCount=0, eventTime=1111589032, downTime=1111589032, deviceId=-1, source=0x101, displayId=0 }
2021-11-30 17:50:15.139 16159-16159/net.iusky.yijiayou D/CrashReport: >>> com.idlefish.flutterboost.containers.FlutterBoostActivity onPaused <<<
2021-11-30 17:50:15.140 16159-16159/net.iusky.yijiayou I/CrashReport: Set native info: isAppForeground(false)
2021-11-30 17:50:15.154 16159-16159/net.iusky.yijiayou V/FlutterBoostPlugin: ## onContainerHide: 2c677940-8ca6-4a6b-87ce-ffdd5dfc99f7_mine/setting
2021-11-30 17:50:15.176 16159-16281/net.iusky.yijiayou W/SQLiteLog: (28) double-quoted string literal: "
2021-11-30 17:50:15.176 16159-16281/net.iusky.yijiayou W/SQLiteLog: (28) double-quoted string literal: "6448F2C8E7897F46A5BABD8F18F08F81"
2021-11-30 17:50:16.839 16159-16159/net.iusky.yijiayou D/CrashReport: >>> com.idlefish.flutterboost.containers.FlutterBoostActivity onResumed <<<
2021-11-30 17:50:16.843 16159-16159/net.iusky.yijiayou I/CrashReport: Set native info: isAppForeground(true)
2021-11-30 17:50:16.869 16159-16159/net.iusky.yijiayou V/FlutterBoostPlugin: ## onContainerShow: 2c677940-8ca6-4a6b-87ce-ffdd5dfc99f7_mine/setting
2021-11-30 17:50:16.886 16159-16281/net.iusky.yijiayou D/MobclickAgent: 延续上一个会话: 6448F2C8E7897F46A5BABD8F18F08F81
2021-11-30 17:50:16.893 16159-16281/net.iusky.yijiayou W/SQLiteLog: (28) double-quoted string literal: "6448F2C8E7897F46A5BABD8F18F08F81"
2021-11-30 17:50:16.893 16159-16281/net.iusky.yijiayou W/SQLiteLog: (28) double-quoted string literal: ""
2021-11-30 17:50:16.894 16159-16281/net.iusky.yijiayou W/SQLiteLog: (28) double-quoted string literal: "6448F2C8E7897F46A5BABD8F18F08F81"
2021-11-30 17:50:16.894 16159-16281/net.iusky.yijiayou W/SQLiteLog: (28) double-quoted string literal: "-1"
2021-11-30 17:50:16.898 16159-16281/net.iusky.yijiayou D/UMLog: 当前发送策略为：启动时发送。详见链接 https://developer.umeng.com/docs/66632/detail/66976?um_channel=sdk
